[0.106s] Invoking command in '/home/utux/code/sensor_test/build/uuv_imu_driver_cpp': CMAKE_PREFIX_PATH=${CMAKE_PREFIX_PATH}:/home/utux/code/sensor_test/install/uuv_imu_driver_py:/opt/ros/humble /usr/bin/cmake --build /home/utux/code/sensor_test/build/uuv_imu_driver_cpp -- -j4 -l4
[0.362s] -- Found ament_cmake: 1.3.12 (/opt/ros/humble/share/ament_cmake/cmake)
[1.095s] -- Found rclcpp: 16.0.15 (/opt/ros/humble/share/rclcpp/cmake)
[1.355s] -- Found rosidl_generator_c: 3.1.7 (/opt/ros/humble/share/rosidl_generator_c/cmake)
[1.379s] -- Found rosidl_adapter: 3.1.7 (/opt/ros/humble/share/rosidl_adapter/cmake)
[1.421s] -- Found rosidl_generator_cpp: 3.1.7 (/opt/ros/humble/share/rosidl_generator_cpp/cmake)
[1.481s] -- Using all available rosidl_typesupport_c: rosidl_typesupport_fastrtps_c;rosidl_typesupport_introspection_c
[1.594s] -- Using all available rosidl_typesupport_cpp: rosidl_typesupport_fastrtps_cpp;rosidl_typesupport_introspection_cpp
[1.863s] -- Found rmw_implementation_cmake: 6.1.2 (/opt/ros/humble/share/rmw_implementation_cmake/cmake)
[1.877s] -- Found rmw_fastrtps_cpp: 6.2.8 (/opt/ros/humble/share/rmw_fastrtps_cpp/cmake)
[2.852s] -- Using RMW implementation 'rmw_fastrtps_cpp' as default
[3.182s] -- Found sensor_msgs: 4.9.0 (/opt/ros/humble/share/sensor_msgs/cmake)
[3.724s] -- Configuring done
[3.830s] -- Generating done
[3.852s] -- Build files have been written to: /home/utux/code/sensor_test/build/uuv_imu_driver_cpp
[3.963s] [35m[1mConsolidate compiler generated dependencies of target imu_publisher[0m
[4.089s] [100%] Built target imu_publisher
[4.160s] Invoked command in '/home/utux/code/sensor_test/build/uuv_imu_driver_cpp' returned '0': CMAKE_PREFIX_PATH=${CMAKE_PREFIX_PATH}:/home/utux/code/sensor_test/install/uuv_imu_driver_py:/opt/ros/humble /usr/bin/cmake --build /home/utux/code/sensor_test/build/uuv_imu_driver_cpp -- -j4 -l4
[4.219s] Invoking command in '/home/utux/code/sensor_test/build/uuv_imu_driver_cpp': CMAKE_PREFIX_PATH=${CMAKE_PREFIX_PATH}:/home/utux/code/sensor_test/install/uuv_imu_driver_py:/opt/ros/humble /usr/bin/cmake --install /home/utux/code/sensor_test/build/uuv_imu_driver_cpp
[4.263s] -- Install configuration: ""
[4.275s] -- Up-to-date: /home/utux/code/sensor_test/install/uuv_imu_driver_cpp/lib/uuv_imu_driver_cpp/imu_publisher
[4.278s] -- Up-to-date: /home/utux/code/sensor_test/install/uuv_imu_driver_cpp/share/uuv_imu_driver_cpp/launch
[4.279s] -- Installing: /home/utux/code/sensor_test/install/uuv_imu_driver_cpp/share/uuv_imu_driver_cpp/launch/imu_launch.py
[4.281s] -- Up-to-date: /home/utux/code/sensor_test/install/uuv_imu_driver_cpp/share/ament_index/resource_index/package_run_dependencies/uuv_imu_driver_cpp
[4.282s] -- Installing: /home/utux/code/sensor_test/install/uuv_imu_driver_cpp/share/ament_index/resource_index/parent_prefix_path/uuv_imu_driver_cpp
[4.286s] -- Up-to-date: /home/utux/code/sensor_test/install/uuv_imu_driver_cpp/share/uuv_imu_driver_cpp/environment/ament_prefix_path.sh
[4.287s] -- Installing: /home/utux/code/sensor_test/install/uuv_imu_driver_cpp/share/uuv_imu_driver_cpp/environment/ament_prefix_path.dsv
[4.287s] -- Up-to-date: /home/utux/code/sensor_test/install/uuv_imu_driver_cpp/share/uuv_imu_driver_cpp/environment/path.sh
[4.291s] -- Installing: /home/utux/code/sensor_test/install/uuv_imu_driver_cpp/share/uuv_imu_driver_cpp/environment/path.dsv
[4.292s] -- Up-to-date: /home/utux/code/sensor_test/install/uuv_imu_driver_cpp/share/uuv_imu_driver_cpp/local_setup.bash
[4.293s] -- Up-to-date: /home/utux/code/sensor_test/install/uuv_imu_driver_cpp/share/uuv_imu_driver_cpp/local_setup.sh
[4.300s] -- Up-to-date: /home/utux/code/sensor_test/install/uuv_imu_driver_cpp/share/uuv_imu_driver_cpp/local_setup.zsh
[4.308s] -- Installing: /home/utux/code/sensor_test/install/uuv_imu_driver_cpp/share/uuv_imu_driver_cpp/local_setup.dsv
[4.312s] -- Installing: /home/utux/code/sensor_test/install/uuv_imu_driver_cpp/share/uuv_imu_driver_cpp/package.dsv
[4.312s] -- Up-to-date: /home/utux/code/sensor_test/install/uuv_imu_driver_cpp/share/ament_index/resource_index/packages/uuv_imu_driver_cpp
[4.313s] -- Up-to-date: /home/utux/code/sensor_test/install/uuv_imu_driver_cpp/share/uuv_imu_driver_cpp/cmake/uuv_imu_driver_cppConfig.cmake
[4.313s] -- Up-to-date: /home/utux/code/sensor_test/install/uuv_imu_driver_cpp/share/uuv_imu_driver_cpp/cmake/uuv_imu_driver_cppConfig-version.cmake
[4.314s] -- Up-to-date: /home/utux/code/sensor_test/install/uuv_imu_driver_cpp/share/uuv_imu_driver_cpp/package.xml
[4.315s] Invoked command in '/home/utux/code/sensor_test/build/uuv_imu_driver_cpp' returned '0': CMAKE_PREFIX_PATH=${CMAKE_PREFIX_PATH}:/home/utux/code/sensor_test/install/uuv_imu_driver_py:/opt/ros/humble /usr/bin/cmake --install /home/utux/code/sensor_test/build/uuv_imu_driver_cpp
