[0.223s] Invoking command in '/home/utux/code/sensor_test/build/uuv_imu_driver_cpp': CMAKE_PREFIX_PATH=${CMAKE_PREFIX_PATH}:/home/utux/code/sensor_test/install/uuv_imu_driver_py:/opt/ros/humble /usr/bin/cmake --build /home/utux/code/sensor_test/build/uuv_imu_driver_cpp -- -j4 -l4
[0.910s] [35m[1mConsolidate compiler generated dependencies of target imu_publisher[0m
[1.211s] [100%] Built target imu_publisher
[3.137s] Invoked command in '/home/utux/code/sensor_test/build/uuv_imu_driver_cpp' returned '0': CMAKE_PREFIX_PATH=${CMAKE_PREFIX_PATH}:/home/utux/code/sensor_test/install/uuv_imu_driver_py:/opt/ros/humble /usr/bin/cmake --build /home/utux/code/sensor_test/build/uuv_imu_driver_cpp -- -j4 -l4
[3.218s] Invoking command in '/home/utux/code/sensor_test/build/uuv_imu_driver_cpp': CMAKE_PREFIX_PATH=${CMAKE_PREFIX_PATH}:/home/utux/code/sensor_test/install/uuv_imu_driver_py:/opt/ros/humble /usr/bin/cmake --install /home/utux/code/sensor_test/build/uuv_imu_driver_cpp
[3.419s] -- Install configuration: ""
[3.434s] -- Up-to-date: /home/utux/code/sensor_test/install/uuv_imu_driver_cpp/lib/uuv_imu_driver_cpp/imu_publisher
[3.454s] -- Up-to-date: /home/utux/code/sensor_test/install/uuv_imu_driver_cpp/share/uuv_imu_driver_cpp/launch
[3.470s] -- Installing: /home/utux/code/sensor_test/install/uuv_imu_driver_cpp/share/uuv_imu_driver_cpp/launch/imu_launch.py
[3.473s] -- Up-to-date: /home/utux/code/sensor_test/install/uuv_imu_driver_cpp/share/ament_index/resource_index/package_run_dependencies/uuv_imu_driver_cpp
[3.475s] -- Up-to-date: /home/utux/code/sensor_test/install/uuv_imu_driver_cpp/share/ament_index/resource_index/parent_prefix_path/uuv_imu_driver_cpp
[3.476s] -- Up-to-date: /home/utux/code/sensor_test/install/uuv_imu_driver_cpp/share/uuv_imu_driver_cpp/environment/ament_prefix_path.sh
[3.478s] -- Up-to-date: /home/utux/code/sensor_test/install/uuv_imu_driver_cpp/share/uuv_imu_driver_cpp/environment/ament_prefix_path.dsv
[3.488s] -- Up-to-date: /home/utux/code/sensor_test/install/uuv_imu_driver_cpp/share/uuv_imu_driver_cpp/environment/path.sh
[3.490s] -- Up-to-date: /home/utux/code/sensor_test/install/uuv_imu_driver_cpp/share/uuv_imu_driver_cpp/environment/path.dsv
[3.492s] -- Up-to-date: /home/utux/code/sensor_test/install/uuv_imu_driver_cpp/share/uuv_imu_driver_cpp/local_setup.bash
[3.493s] -- Up-to-date: /home/utux/code/sensor_test/install/uuv_imu_driver_cpp/share/uuv_imu_driver_cpp/local_setup.sh
[3.500s] -- Up-to-date: /home/utux/code/sensor_test/install/uuv_imu_driver_cpp/share/uuv_imu_driver_cpp/local_setup.zsh
[3.502s] -- Up-to-date: /home/utux/code/sensor_test/install/uuv_imu_driver_cpp/share/uuv_imu_driver_cpp/local_setup.dsv
[3.504s] -- Installing: /home/utux/code/sensor_test/install/uuv_imu_driver_cpp/share/uuv_imu_driver_cpp/package.dsv
[3.511s] -- Up-to-date: /home/utux/code/sensor_test/install/uuv_imu_driver_cpp/share/ament_index/resource_index/packages/uuv_imu_driver_cpp
[3.513s] -- Up-to-date: /home/utux/code/sensor_test/install/uuv_imu_driver_cpp/share/uuv_imu_driver_cpp/cmake/uuv_imu_driver_cppConfig.cmake
[3.518s] -- Up-to-date: /home/utux/code/sensor_test/install/uuv_imu_driver_cpp/share/uuv_imu_driver_cpp/cmake/uuv_imu_driver_cppConfig-version.cmake
[3.525s] -- Up-to-date: /home/utux/code/sensor_test/install/uuv_imu_driver_cpp/share/uuv_imu_driver_cpp/package.xml
[3.564s] Invoked command in '/home/utux/code/sensor_test/build/uuv_imu_driver_cpp' returned '0': CMAKE_PREFIX_PATH=${CMAKE_PREFIX_PATH}:/home/utux/code/sensor_test/install/uuv_imu_driver_py:/opt/ros/humble /usr/bin/cmake --install /home/utux/code/sensor_test/build/uuv_imu_driver_cpp
