[0.686s] DEBUG:colcon:Command line arguments: ['/usr/bin/colcon', 'build', '--packages-select', 'uuv_imu_driver_cpp']
[0.687s] DEBUG:colcon:Parsed command line arguments: Namespace(log_base=None, log_level=None, verb_name='build', build_base='build', install_base='install', merge_install=False, symlink_install=False, test_result_base=None, continue_on_error=False, executor='parallel', parallel_workers=4, event_handlers=None, ignore_user_meta=False, metas=['./colcon.meta'], base_paths=['.'], packages_ignore=None, packages_ignore_regex=None, paths=None, packages_up_to=None, packages_up_to_regex=None, packages_above=None, packages_above_and_dependencies=None, packages_above_depth=None, packages_select_by_dep=None, packages_skip_by_dep=None, packages_skip_up_to=None, packages_select_build_failed=False, packages_skip_build_finished=False, packages_select_test_failures=False, packages_skip_test_passed=False, packages_select=['uuv_imu_driver_cpp'], packages_skip=None, packages_select_regex=None, packages_skip_regex=None, packages_start=None, packages_end=None, allow_overriding=[], cmake_args=None, cmake_target=None, cmake_target_skip_unavailable=False, cmake_clean_cache=False, cmake_clean_first=False, cmake_force_configure=False, ament_cmake_args=None, catkin_cmake_args=None, catkin_skip_building_tests=False, verb_parser=<colcon_defaults.argument_parser.defaults.DefaultArgumentsDecorator object at 0xffff9f803cd0>, verb_extension=<colcon_core.verb.build.BuildVerb object at 0xffff9f93d0f0>, main=<bound method BuildVerb.main of <colcon_core.verb.build.BuildVerb object at 0xffff9f93d0f0>>)
[2.018s] Level 1:colcon.colcon_core.package_discovery:discover_packages(colcon_meta) check parameters
[2.019s] Level 1:colcon.colcon_core.package_discovery:discover_packages(recursive) check parameters
[2.019s] Level 1:colcon.colcon_core.package_discovery:discover_packages(ignore) check parameters
[2.020s] Level 1:colcon.colcon_core.package_discovery:discover_packages(path) check parameters
[2.020s] Level 1:colcon.colcon_core.package_discovery:discover_packages(colcon_meta) discover
[2.020s] Level 1:colcon.colcon_core.package_discovery:discover_packages(recursive) discover
[2.021s] INFO:colcon.colcon_core.package_discovery:Crawling recursively for packages in '/home/utux/code/sensor_test'
[2.022s] Level 1:colcon.colcon_core.package_identification:_identify(.) by extensions ['ignore', 'ignore_ament_install']
[2.022s] Level 1:colcon.colcon_core.package_identification:_identify(.) by extension 'ignore'
[2.023s] Level 1:colcon.colcon_core.package_identification:_identify(.) by extension 'ignore_ament_install'
[2.024s] Level 1:colcon.colcon_core.package_identification:_identify(.) by extensions ['colcon_pkg']
[2.024s] Level 1:colcon.colcon_core.package_identification:_identify(.) by extension 'colcon_pkg'
[2.024s] Level 1:colcon.colcon_core.package_identification:_identify(.) by extensions ['colcon_meta']
[2.025s] Level 1:colcon.colcon_core.package_identification:_identify(.) by extension 'colcon_meta'
[2.025s] Level 1:colcon.colcon_core.package_identification:_identify(.) by extensions ['ros']
[2.026s] Level 1:colcon.colcon_core.package_identification:_identify(.) by extension 'ros'
[2.089s] Level 1:colcon.colcon_core.package_identification:_identify(.) by extensions ['cmake', 'python']
[2.090s] Level 1:colcon.colcon_core.package_identification:_identify(.) by extension 'cmake'
[2.090s] Level 1:colcon.colcon_core.package_identification:_identify(.) by extension 'python'
[2.091s] Level 1:colcon.colcon_core.package_identification:_identify(.) by extensions ['python_setup_py']
[2.091s] Level 1:colcon.colcon_core.package_identification:_identify(.) by extension 'python_setup_py'
[2.093s] Level 1:colcon.colcon_core.package_identification:_identify(build) by extensions ['ignore', 'ignore_ament_install']
[2.093s] Level 1:colcon.colcon_core.package_identification:_identify(build) by extension 'ignore'
[2.094s] Level 1:colcon.colcon_core.package_identification:_identify(build) ignored
[2.095s] Level 1:colcon.colcon_core.package_identification:_identify(install) by extensions ['ignore', 'ignore_ament_install']
[2.096s] Level 1:colcon.colcon_core.package_identification:_identify(install) by extension 'ignore'
[2.097s] Level 1:colcon.colcon_core.package_identification:_identify(install) ignored
[2.098s] Level 1:colcon.colcon_core.package_identification:_identify(launch) by extensions ['ignore', 'ignore_ament_install']
[2.099s] Level 1:colcon.colcon_core.package_identification:_identify(launch) by extension 'ignore'
[2.100s] Level 1:colcon.colcon_core.package_identification:_identify(launch) by extension 'ignore_ament_install'
[2.101s] Level 1:colcon.colcon_core.package_identification:_identify(launch) by extensions ['colcon_pkg']
[2.102s] Level 1:colcon.colcon_core.package_identification:_identify(launch) by extension 'colcon_pkg'
[2.103s] Level 1:colcon.colcon_core.package_identification:_identify(launch) by extensions ['colcon_meta']
[2.104s] Level 1:colcon.colcon_core.package_identification:_identify(launch) by extension 'colcon_meta'
[2.105s] Level 1:colcon.colcon_core.package_identification:_identify(launch) by extensions ['ros']
[2.106s] Level 1:colcon.colcon_core.package_identification:_identify(launch) by extension 'ros'
[2.107s] Level 1:colcon.colcon_core.package_identification:_identify(launch) by extensions ['cmake', 'python']
[2.107s] Level 1:colcon.colcon_core.package_identification:_identify(launch) by extension 'cmake'
[2.108s] Level 1:colcon.colcon_core.package_identification:_identify(launch) by extension 'python'
[2.109s] Level 1:colcon.colcon_core.package_identification:_identify(launch) by extensions ['python_setup_py']
[2.110s] Level 1:colcon.colcon_core.package_identification:_identify(launch) by extension 'python_setup_py'
[2.111s] Level 1:colcon.colcon_core.package_identification:_identify(launch/__pycache__) by extensions ['ignore', 'ignore_ament_install']
[2.112s] Level 1:colcon.colcon_core.package_identification:_identify(launch/__pycache__) by extension 'ignore'
[2.113s] Level 1:colcon.colcon_core.package_identification:_identify(launch/__pycache__) by extension 'ignore_ament_install'
[2.114s] Level 1:colcon.colcon_core.package_identification:_identify(launch/__pycache__) by extensions ['colcon_pkg']
[2.115s] Level 1:colcon.colcon_core.package_identification:_identify(launch/__pycache__) by extension 'colcon_pkg'
[2.116s] Level 1:colcon.colcon_core.package_identification:_identify(launch/__pycache__) by extensions ['colcon_meta']
[2.117s] Level 1:colcon.colcon_core.package_identification:_identify(launch/__pycache__) by extension 'colcon_meta'
[2.118s] Level 1:colcon.colcon_core.package_identification:_identify(launch/__pycache__) by extensions ['ros']
[2.118s] Level 1:colcon.colcon_core.package_identification:_identify(launch/__pycache__) by extension 'ros'
[2.119s] Level 1:colcon.colcon_core.package_identification:_identify(launch/__pycache__) by extensions ['cmake', 'python']
[2.120s] Level 1:colcon.colcon_core.package_identification:_identify(launch/__pycache__) by extension 'cmake'
[2.121s] Level 1:colcon.colcon_core.package_identification:_identify(launch/__pycache__) by extension 'python'
[2.122s] Level 1:colcon.colcon_core.package_identification:_identify(launch/__pycache__) by extensions ['python_setup_py']
[2.122s] Level 1:colcon.colcon_core.package_identification:_identify(launch/__pycache__) by extension 'python_setup_py'
[2.123s] Level 1:colcon.colcon_core.package_identification:_identify(log) by extensions ['ignore', 'ignore_ament_install']
[2.124s] Level 1:colcon.colcon_core.package_identification:_identify(log) by extension 'ignore'
[2.125s] Level 1:colcon.colcon_core.package_identification:_identify(log) ignored
[2.126s] Level 1:colcon.colcon_core.package_identification:_identify(src) by extensions ['ignore', 'ignore_ament_install']
[2.127s] Level 1:colcon.colcon_core.package_identification:_identify(src) by extension 'ignore'
[2.128s] Level 1:colcon.colcon_core.package_identification:_identify(src) by extension 'ignore_ament_install'
[2.129s] Level 1:colcon.colcon_core.package_identification:_identify(src) by extensions ['colcon_pkg']
[2.130s] Level 1:colcon.colcon_core.package_identification:_identify(src) by extension 'colcon_pkg'
[2.131s] Level 1:colcon.colcon_core.package_identification:_identify(src) by extensions ['colcon_meta']
[2.131s] Level 1:colcon.colcon_core.package_identification:_identify(src) by extension 'colcon_meta'
[2.132s] Level 1:colcon.colcon_core.package_identification:_identify(src) by extensions ['ros']
[2.133s] Level 1:colcon.colcon_core.package_identification:_identify(src) by extension 'ros'
[2.134s] Level 1:colcon.colcon_core.package_identification:_identify(src) by extensions ['cmake', 'python']
[2.135s] Level 1:colcon.colcon_core.package_identification:_identify(src) by extension 'cmake'
[2.136s] Level 1:colcon.colcon_core.package_identification:_identify(src) by extension 'python'
[2.137s] Level 1:colcon.colcon_core.package_identification:_identify(src) by extensions ['python_setup_py']
[2.137s] Level 1:colcon.colcon_core.package_identification:_identify(src) by extension 'python_setup_py'
[2.139s] Level 1:colcon.colcon_core.package_identification:_identify(src/uuv_imu_driver_cpp) by extensions ['ignore', 'ignore_ament_install']
[2.140s] Level 1:colcon.colcon_core.package_identification:_identify(src/uuv_imu_driver_cpp) by extension 'ignore'
[2.141s] Level 1:colcon.colcon_core.package_identification:_identify(src/uuv_imu_driver_cpp) by extension 'ignore_ament_install'
[2.142s] Level 1:colcon.colcon_core.package_identification:_identify(src/uuv_imu_driver_cpp) by extensions ['colcon_pkg']
[2.143s] Level 1:colcon.colcon_core.package_identification:_identify(src/uuv_imu_driver_cpp) by extension 'colcon_pkg'
[2.144s] Level 1:colcon.colcon_core.package_identification:_identify(src/uuv_imu_driver_cpp) by extensions ['colcon_meta']
[2.144s] Level 1:colcon.colcon_core.package_identification:_identify(src/uuv_imu_driver_cpp) by extension 'colcon_meta'
[2.145s] Level 1:colcon.colcon_core.package_identification:_identify(src/uuv_imu_driver_cpp) by extensions ['ros']
[2.146s] Level 1:colcon.colcon_core.package_identification:_identify(src/uuv_imu_driver_cpp) by extension 'ros'
[2.159s] DEBUG:colcon.colcon_core.package_identification:Package 'src/uuv_imu_driver_cpp' with type 'ros.ament_cmake' and name 'uuv_imu_driver_cpp'
[2.160s] Level 1:colcon.colcon_core.package_identification:_identify(src/uuv_imu_driver_py) by extensions ['ignore', 'ignore_ament_install']
[2.161s] Level 1:colcon.colcon_core.package_identification:_identify(src/uuv_imu_driver_py) by extension 'ignore'
[2.162s] Level 1:colcon.colcon_core.package_identification:_identify(src/uuv_imu_driver_py) by extension 'ignore_ament_install'
[2.163s] Level 1:colcon.colcon_core.package_identification:_identify(src/uuv_imu_driver_py) by extensions ['colcon_pkg']
[2.164s] Level 1:colcon.colcon_core.package_identification:_identify(src/uuv_imu_driver_py) by extension 'colcon_pkg'
[2.164s] Level 1:colcon.colcon_core.package_identification:_identify(src/uuv_imu_driver_py) by extensions ['colcon_meta']
[2.165s] Level 1:colcon.colcon_core.package_identification:_identify(src/uuv_imu_driver_py) by extension 'colcon_meta'
[2.166s] Level 1:colcon.colcon_core.package_identification:_identify(src/uuv_imu_driver_py) by extensions ['ros']
[2.167s] Level 1:colcon.colcon_core.package_identification:_identify(src/uuv_imu_driver_py) by extension 'ros'
[2.170s] DEBUG:colcon.colcon_core.package_identification:Package 'src/uuv_imu_driver_py' with type 'ros.ament_python' and name 'uuv_imu_driver_py'
[2.171s] Level 1:colcon.colcon_core.package_discovery:discover_packages(recursive) using defaults
[2.172s] Level 1:colcon.colcon_core.package_discovery:discover_packages(ignore) discover
[2.173s] Level 1:colcon.colcon_core.package_discovery:discover_packages(ignore) using defaults
[2.173s] Level 1:colcon.colcon_core.package_discovery:discover_packages(path) discover
[2.174s] Level 1:colcon.colcon_core.package_discovery:discover_packages(path) using defaults
[2.284s] INFO:colcon.colcon_core.package_selection:Skipping not selected package 'uuv_imu_driver_py' in 'src/uuv_imu_driver_py'
[2.287s] Level 1:colcon.colcon_core.package_discovery:discover_packages(prefix_path) check parameters
[2.288s] Level 1:colcon.colcon_core.package_discovery:discover_packages(prefix_path) discover
[2.295s] WARNING:colcon.colcon_ros.prefix_path.ament:The path '/home/utux/code/sensor_test/install/uuv_imu_driver' in the environment variable AMENT_PREFIX_PATH doesn't exist
[2.300s] DEBUG:colcon.colcon_installed_package_information.package_discovery:Found 2 installed packages in /home/utux/code/sensor_test/install
[2.311s] DEBUG:colcon.colcon_installed_package_information.package_discovery:Found 271 installed packages in /opt/ros/humble
[2.359s] Level 1:colcon.colcon_core.package_discovery:discover_packages(prefix_path) using defaults
[2.612s] Level 5:colcon.colcon_core.verb:set package 'uuv_imu_driver_cpp' build argument 'cmake_args' from command line to 'None'
[2.613s] Level 5:colcon.colcon_core.verb:set package 'uuv_imu_driver_cpp' build argument 'cmake_target' from command line to 'None'
[2.614s] Level 5:colcon.colcon_core.verb:set package 'uuv_imu_driver_cpp' build argument 'cmake_target_skip_unavailable' from command line to 'False'
[2.615s] Level 5:colcon.colcon_core.verb:set package 'uuv_imu_driver_cpp' build argument 'cmake_clean_cache' from command line to 'False'
[2.615s] Level 5:colcon.colcon_core.verb:set package 'uuv_imu_driver_cpp' build argument 'cmake_clean_first' from command line to 'False'
[2.616s] Level 5:colcon.colcon_core.verb:set package 'uuv_imu_driver_cpp' build argument 'cmake_force_configure' from command line to 'False'
[2.617s] Level 5:colcon.colcon_core.verb:set package 'uuv_imu_driver_cpp' build argument 'ament_cmake_args' from command line to 'None'
[2.617s] Level 5:colcon.colcon_core.verb:set package 'uuv_imu_driver_cpp' build argument 'catkin_cmake_args' from command line to 'None'
[2.618s] Level 5:colcon.colcon_core.verb:set package 'uuv_imu_driver_cpp' build argument 'catkin_skip_building_tests' from command line to 'False'
[2.619s] DEBUG:colcon.colcon_core.verb:Building package 'uuv_imu_driver_cpp' with the following arguments: {'ament_cmake_args': None, 'build_base': '/home/utux/code/sensor_test/build/uuv_imu_driver_cpp', 'catkin_cmake_args': None, 'catkin_skip_building_tests': False, 'cmake_args': None, 'cmake_clean_cache': False, 'cmake_clean_first': False, 'cmake_force_configure': False, 'cmake_target': None, 'cmake_target_skip_unavailable': False, 'install_base': '/home/utux/code/sensor_test/install/uuv_imu_driver_cpp', 'merge_install': False, 'path': '/home/utux/code/sensor_test/src/uuv_imu_driver_cpp', 'symlink_install': False, 'test_result_base': None}
[2.620s] INFO:colcon.colcon_core.executor:Executing jobs using 'parallel' executor
[2.626s] DEBUG:colcon.colcon_parallel_executor.executor.parallel:run_until_complete
[2.627s] INFO:colcon.colcon_ros.task.ament_cmake.build:Building ROS package in '/home/utux/code/sensor_test/src/uuv_imu_driver_cpp' with build type 'ament_cmake'
[2.630s] INFO:colcon.colcon_cmake.task.cmake.build:Building CMake package in '/home/utux/code/sensor_test/src/uuv_imu_driver_cpp'
[2.644s] INFO:colcon.colcon_core.plugin_system:Skipping extension 'colcon_core.shell.bat': Not used on non-Windows systems
[2.645s] INFO:colcon.colcon_core.shell:Skip shell extension 'powershell' for command environment: Not usable outside of PowerShell
[2.646s] DEBUG:colcon.colcon_core.shell:Skip shell extension 'dsv' for command environment
[2.708s] DEBUG:colcon.colcon_core.event_handler.log_command:Invoking command in '/home/utux/code/sensor_test/build/uuv_imu_driver_cpp': CMAKE_PREFIX_PATH=/home/utux/code/sensor_test/install/uuv_imu_driver_py:/home/utux/code/sensor_test/install/uuv_imu_driver:/opt/ros/humble /usr/bin/cmake --build /home/utux/code/sensor_test/build/uuv_imu_driver_cpp -- -j4 -l4
[28.487s] DEBUG:colcon.colcon_core.event_handler.log_command:Invoked command in '/home/utux/code/sensor_test/build/uuv_imu_driver_cpp' returned '0': CMAKE_PREFIX_PATH=/home/utux/code/sensor_test/install/uuv_imu_driver_py:/home/utux/code/sensor_test/install/uuv_imu_driver:/opt/ros/humble /usr/bin/cmake --build /home/utux/code/sensor_test/build/uuv_imu_driver_cpp -- -j4 -l4
[28.528s] DEBUG:colcon.colcon_core.event_handler.log_command:Invoking command in '/home/utux/code/sensor_test/build/uuv_imu_driver_cpp': CMAKE_PREFIX_PATH=/home/utux/code/sensor_test/install/uuv_imu_driver_py:/home/utux/code/sensor_test/install/uuv_imu_driver:/opt/ros/humble /usr/bin/cmake --install /home/utux/code/sensor_test/build/uuv_imu_driver_cpp
[28.629s] Level 1:colcon.colcon_core.environment:create_environment_scripts_only(uuv_imu_driver_cpp)
[28.632s] DEBUG:colcon.colcon_core.event_handler.log_command:Invoked command in '/home/utux/code/sensor_test/build/uuv_imu_driver_cpp' returned '0': CMAKE_PREFIX_PATH=/home/utux/code/sensor_test/install/uuv_imu_driver_py:/home/utux/code/sensor_test/install/uuv_imu_driver:/opt/ros/humble /usr/bin/cmake --install /home/utux/code/sensor_test/build/uuv_imu_driver_cpp
[28.651s] Level 1:colcon.colcon_core.environment:checking '/home/utux/code/sensor_test/install/uuv_imu_driver_cpp' for CMake module files
[28.654s] Level 1:colcon.colcon_core.environment:checking '/home/utux/code/sensor_test/install/uuv_imu_driver_cpp' for CMake config files
[28.656s] Level 1:colcon.colcon_core.shell:create_environment_hook('uuv_imu_driver_cpp', 'cmake_prefix_path')
[28.657s] INFO:colcon.colcon_core.shell:Creating environment hook '/home/utux/code/sensor_test/install/uuv_imu_driver_cpp/share/uuv_imu_driver_cpp/hook/cmake_prefix_path.ps1'
[28.660s] INFO:colcon.colcon_core.shell:Creating environment descriptor '/home/utux/code/sensor_test/install/uuv_imu_driver_cpp/share/uuv_imu_driver_cpp/hook/cmake_prefix_path.dsv'
[28.663s] INFO:colcon.colcon_core.shell:Creating environment hook '/home/utux/code/sensor_test/install/uuv_imu_driver_cpp/share/uuv_imu_driver_cpp/hook/cmake_prefix_path.sh'
[28.667s] Level 1:colcon.colcon_core.environment:checking '/home/utux/code/sensor_test/install/uuv_imu_driver_cpp/lib'
[28.668s] Level 1:colcon.colcon_core.environment:checking '/home/utux/code/sensor_test/install/uuv_imu_driver_cpp/bin'
[28.668s] Level 1:colcon.colcon_core.environment:checking '/home/utux/code/sensor_test/install/uuv_imu_driver_cpp/lib/pkgconfig/uuv_imu_driver_cpp.pc'
[28.670s] Level 1:colcon.colcon_core.environment:checking '/home/utux/code/sensor_test/install/uuv_imu_driver_cpp/lib/python3.10/site-packages'
[28.671s] Level 1:colcon.colcon_core.environment:checking '/home/utux/code/sensor_test/install/uuv_imu_driver_cpp/bin'
[28.673s] INFO:colcon.colcon_core.shell:Creating package script '/home/utux/code/sensor_test/install/uuv_imu_driver_cpp/share/uuv_imu_driver_cpp/package.ps1'
[28.677s] INFO:colcon.colcon_core.shell:Creating package descriptor '/home/utux/code/sensor_test/install/uuv_imu_driver_cpp/share/uuv_imu_driver_cpp/package.dsv'
[28.680s] INFO:colcon.colcon_core.shell:Creating package script '/home/utux/code/sensor_test/install/uuv_imu_driver_cpp/share/uuv_imu_driver_cpp/package.sh'
[28.684s] INFO:colcon.colcon_core.shell:Creating package script '/home/utux/code/sensor_test/install/uuv_imu_driver_cpp/share/uuv_imu_driver_cpp/package.bash'
[28.688s] INFO:colcon.colcon_core.shell:Creating package script '/home/utux/code/sensor_test/install/uuv_imu_driver_cpp/share/uuv_imu_driver_cpp/package.zsh'
[28.692s] Level 1:colcon.colcon_core.environment:create_file_with_runtime_dependencies(/home/utux/code/sensor_test/install/uuv_imu_driver_cpp/share/colcon-core/packages/uuv_imu_driver_cpp)
[28.695s] Level 1:colcon.colcon_core.environment:create_environment_scripts_only(uuv_imu_driver_cpp)
[28.696s] Level 1:colcon.colcon_core.environment:checking '/home/utux/code/sensor_test/install/uuv_imu_driver_cpp' for CMake module files
[28.699s] Level 1:colcon.colcon_core.environment:checking '/home/utux/code/sensor_test/install/uuv_imu_driver_cpp' for CMake config files
[28.701s] Level 1:colcon.colcon_core.shell:create_environment_hook('uuv_imu_driver_cpp', 'cmake_prefix_path')
[28.702s] INFO:colcon.colcon_core.shell:Creating environment hook '/home/utux/code/sensor_test/install/uuv_imu_driver_cpp/share/uuv_imu_driver_cpp/hook/cmake_prefix_path.ps1'
[28.704s] INFO:colcon.colcon_core.shell:Creating environment descriptor '/home/utux/code/sensor_test/install/uuv_imu_driver_cpp/share/uuv_imu_driver_cpp/hook/cmake_prefix_path.dsv'
[28.707s] INFO:colcon.colcon_core.shell:Creating environment hook '/home/utux/code/sensor_test/install/uuv_imu_driver_cpp/share/uuv_imu_driver_cpp/hook/cmake_prefix_path.sh'
[28.711s] Level 1:colcon.colcon_core.environment:checking '/home/utux/code/sensor_test/install/uuv_imu_driver_cpp/lib'
[28.711s] Level 1:colcon.colcon_core.environment:checking '/home/utux/code/sensor_test/install/uuv_imu_driver_cpp/bin'
[28.712s] Level 1:colcon.colcon_core.environment:checking '/home/utux/code/sensor_test/install/uuv_imu_driver_cpp/lib/pkgconfig/uuv_imu_driver_cpp.pc'
[28.713s] Level 1:colcon.colcon_core.environment:checking '/home/utux/code/sensor_test/install/uuv_imu_driver_cpp/lib/python3.10/site-packages'
[28.715s] Level 1:colcon.colcon_core.environment:checking '/home/utux/code/sensor_test/install/uuv_imu_driver_cpp/bin'
[28.716s] INFO:colcon.colcon_core.shell:Creating package script '/home/utux/code/sensor_test/install/uuv_imu_driver_cpp/share/uuv_imu_driver_cpp/package.ps1'
[28.719s] INFO:colcon.colcon_core.shell:Creating package descriptor '/home/utux/code/sensor_test/install/uuv_imu_driver_cpp/share/uuv_imu_driver_cpp/package.dsv'
[28.722s] INFO:colcon.colcon_core.shell:Creating package script '/home/utux/code/sensor_test/install/uuv_imu_driver_cpp/share/uuv_imu_driver_cpp/package.sh'
[28.725s] INFO:colcon.colcon_core.shell:Creating package script '/home/utux/code/sensor_test/install/uuv_imu_driver_cpp/share/uuv_imu_driver_cpp/package.bash'
[28.728s] INFO:colcon.colcon_core.shell:Creating package script '/home/utux/code/sensor_test/install/uuv_imu_driver_cpp/share/uuv_imu_driver_cpp/package.zsh'
[28.730s] Level 1:colcon.colcon_core.environment:create_file_with_runtime_dependencies(/home/utux/code/sensor_test/install/uuv_imu_driver_cpp/share/colcon-core/packages/uuv_imu_driver_cpp)
[28.732s] DEBUG:colcon.colcon_parallel_executor.executor.parallel:closing loop
[28.733s] DEBUG:colcon.colcon_parallel_executor.executor.parallel:loop closed
[28.733s] DEBUG:colcon.colcon_parallel_executor.executor.parallel:run_until_complete finished with '0'
[28.734s] DEBUG:colcon.colcon_core.event_reactor:joining thread
[28.767s] INFO:colcon.colcon_core.plugin_system:Skipping extension 'colcon_notification.desktop_notification.notify_send': Could not find 'notify-send'
[28.768s] INFO:colcon.colcon_core.plugin_system:Skipping extension 'colcon_notification.desktop_notification.terminal_notifier': Not used on non-Darwin systems
[28.768s] INFO:colcon.colcon_core.plugin_system:Skipping extension 'colcon_notification.desktop_notification.win32': Not used on non-Windows systems
[28.769s] INFO:colcon.colcon_notification.desktop_notification:Sending desktop notification using 'notify2'
[28.773s] DEBUG:colcon.colcon_notification.desktop_notification.notify2:Failed to initialize notify2: org.freedesktop.DBus.Error.ServiceUnknown: The name org.freedesktop.Notifications was not provided by any .service files
[28.773s] DEBUG:colcon.colcon_core.event_reactor:joined thread
[28.774s] INFO:colcon.colcon_core.shell:Creating prefix script '/home/utux/code/sensor_test/install/local_setup.ps1'
[28.779s] INFO:colcon.colcon_core.shell:Creating prefix util module '/home/utux/code/sensor_test/install/_local_setup_util_ps1.py'
[28.786s] INFO:colcon.colcon_core.shell:Creating prefix chain script '/home/utux/code/sensor_test/install/setup.ps1'
[28.792s] INFO:colcon.colcon_core.shell:Creating prefix script '/home/utux/code/sensor_test/install/local_setup.sh'
[28.795s] INFO:colcon.colcon_core.shell:Creating prefix util module '/home/utux/code/sensor_test/install/_local_setup_util_sh.py'
[28.799s] INFO:colcon.colcon_core.shell:Creating prefix chain script '/home/utux/code/sensor_test/install/setup.sh'
[28.804s] INFO:colcon.colcon_core.shell:Creating prefix script '/home/utux/code/sensor_test/install/local_setup.bash'
[28.807s] INFO:colcon.colcon_core.shell:Creating prefix chain script '/home/utux/code/sensor_test/install/setup.bash'
[28.812s] INFO:colcon.colcon_core.shell:Creating prefix script '/home/utux/code/sensor_test/install/local_setup.zsh'
[28.815s] INFO:colcon.colcon_core.shell:Creating prefix chain script '/home/utux/code/sensor_test/install/setup.zsh'
