[0.074s] Invoking command in '/home/utux/code/sensor_test/build/uuv_imu_driver_cpp': CMAKE_PREFIX_PATH=${CMAKE_PREFIX_PATH}:/home/utux/code/sensor_test/install/uuv_imu_driver_py:/opt/ros/humble /usr/bin/cmake --build /home/utux/code/sensor_test/build/uuv_imu_driver_cpp -- -j4 -l4
[0.336s] [100%] Built target imu_publisher
[1.420s] Invoked command in '/home/utux/code/sensor_test/build/uuv_imu_driver_cpp' returned '0': CMAKE_PREFIX_PATH=${CMAKE_PREFIX_PATH}:/home/utux/code/sensor_test/install/uuv_imu_driver_py:/opt/ros/humble /usr/bin/cmake --build /home/utux/code/sensor_test/build/uuv_imu_driver_cpp -- -j4 -l4
[1.459s] Invoking command in '/home/utux/code/sensor_test/build/uuv_imu_driver_cpp': CMAKE_PREFIX_PATH=${CMAKE_PREFIX_PATH}:/home/utux/code/sensor_test/install/uuv_imu_driver_py:/opt/ros/humble /usr/bin/cmake --install /home/utux/code/sensor_test/build/uuv_imu_driver_cpp
[1.487s] -- Install configuration: ""
[1.489s] -- Up-to-date: /home/utux/code/sensor_test/install/uuv_imu_driver_cpp/lib/uuv_imu_driver_cpp/imu_publisher
[1.491s] -- Up-to-date: /home/utux/code/sensor_test/install/uuv_imu_driver_cpp/share/uuv_imu_driver_cpp/launch
[1.491s] -- Installing: /home/utux/code/sensor_test/install/uuv_imu_driver_cpp/share/uuv_imu_driver_cpp/launch/imu_launch.py
[1.493s] -- Up-to-date: /home/utux/code/sensor_test/install/uuv_imu_driver_cpp/share/ament_index/resource_index/package_run_dependencies/uuv_imu_driver_cpp
[1.493s] -- Up-to-date: /home/utux/code/sensor_test/install/uuv_imu_driver_cpp/share/ament_index/resource_index/parent_prefix_path/uuv_imu_driver_cpp
[1.494s] -- Up-to-date: /home/utux/code/sensor_test/install/uuv_imu_driver_cpp/share/uuv_imu_driver_cpp/environment/ament_prefix_path.sh
[1.495s] -- Up-to-date: /home/utux/code/sensor_test/install/uuv_imu_driver_cpp/share/uuv_imu_driver_cpp/environment/ament_prefix_path.dsv
[1.495s] -- Up-to-date: /home/utux/code/sensor_test/install/uuv_imu_driver_cpp/share/uuv_imu_driver_cpp/environment/path.sh
[1.496s] -- Up-to-date: /home/utux/code/sensor_test/install/uuv_imu_driver_cpp/share/uuv_imu_driver_cpp/environment/path.dsv
[1.497s] -- Up-to-date: /home/utux/code/sensor_test/install/uuv_imu_driver_cpp/share/uuv_imu_driver_cpp/local_setup.bash
[1.497s] -- Up-to-date: /home/utux/code/sensor_test/install/uuv_imu_driver_cpp/share/uuv_imu_driver_cpp/local_setup.sh
[1.498s] -- Up-to-date: /home/utux/code/sensor_test/install/uuv_imu_driver_cpp/share/uuv_imu_driver_cpp/local_setup.zsh
[1.498s] -- Up-to-date: /home/utux/code/sensor_test/install/uuv_imu_driver_cpp/share/uuv_imu_driver_cpp/local_setup.dsv
[1.499s] -- Installing: /home/utux/code/sensor_test/install/uuv_imu_driver_cpp/share/uuv_imu_driver_cpp/package.dsv
[1.500s] -- Up-to-date: /home/utux/code/sensor_test/install/uuv_imu_driver_cpp/share/ament_index/resource_index/packages/uuv_imu_driver_cpp
[1.500s] -- Up-to-date: /home/utux/code/sensor_test/install/uuv_imu_driver_cpp/share/uuv_imu_driver_cpp/cmake/uuv_imu_driver_cppConfig.cmake
[1.501s] -- Up-to-date: /home/utux/code/sensor_test/install/uuv_imu_driver_cpp/share/uuv_imu_driver_cpp/cmake/uuv_imu_driver_cppConfig-version.cmake
[1.501s] -- Up-to-date: /home/utux/code/sensor_test/install/uuv_imu_driver_cpp/share/uuv_imu_driver_cpp/package.xml
[1.507s] Invoked command in '/home/utux/code/sensor_test/build/uuv_imu_driver_cpp' returned '0': CMAKE_PREFIX_PATH=${CMAKE_PREFIX_PATH}:/home/utux/code/sensor_test/install/uuv_imu_driver_py:/opt/ros/humble /usr/bin/cmake --install /home/utux/code/sensor_test/build/uuv_imu_driver_cpp
