[2.936s] Invoking command in '/home/utux/code/sensor_test/src/uuv_imu_driver_py': PYTHONPATH=/home/utux/code/sensor_test/build/uuv_imu_driver_py/prefix_override:/usr/lib/python3/dist-packages/colcon_core/task/python/colcon_distutils_commands:/home/utux/code/sensor_test/install/uuv_imu_driver_py/lib/python3.10/site-packages:${PYTHONPATH} /usr/bin/python3 -W ignore:setup.py install is deprecated -W ignore:easy_install command is deprecated setup.py egg_info --egg-base ../../build/uuv_imu_driver_py build --build-base /home/utux/code/sensor_test/build/uuv_imu_driver_py/build install --record /home/utux/code/sensor_test/build/uuv_imu_driver_py/install.log --single-version-externally-managed install_data
[4.082s] running egg_info
[4.085s] writing ../../build/uuv_imu_driver_py/uuv_imu_driver_py.egg-info/PKG-INFO
[4.087s] writing dependency_links to ../../build/uuv_imu_driver_py/uuv_imu_driver_py.egg-info/dependency_links.txt
[4.088s] writing entry points to ../../build/uuv_imu_driver_py/uuv_imu_driver_py.egg-info/entry_points.txt
[4.090s] writing requirements to ../../build/uuv_imu_driver_py/uuv_imu_driver_py.egg-info/requires.txt
[4.092s] writing top-level names to ../../build/uuv_imu_driver_py/uuv_imu_driver_py.egg-info/top_level.txt
[4.102s] reading manifest file '../../build/uuv_imu_driver_py/uuv_imu_driver_py.egg-info/SOURCES.txt'
[4.103s] adding license file 'LICENSE'
[4.106s] writing manifest file '../../build/uuv_imu_driver_py/uuv_imu_driver_py.egg-info/SOURCES.txt'
[4.106s] running build
[4.107s] running build_py
[4.108s] running install
[4.110s] running install_lib
[4.115s] running install_data
[4.116s] copying launch/imu_launch.py -> /home/utux/code/sensor_test/install/uuv_imu_driver_py/share/uuv_imu_driver_py/launch
[4.117s] running install_egg_info
[4.124s] removing '/home/utux/code/sensor_test/install/uuv_imu_driver_py/lib/python3.10/site-packages/uuv_imu_driver_py-1.0.0-py3.10.egg-info' (and everything under it)
[4.126s] Copying ../../build/uuv_imu_driver_py/uuv_imu_driver_py.egg-info to /home/utux/code/sensor_test/install/uuv_imu_driver_py/lib/python3.10/site-packages/uuv_imu_driver_py-1.0.0-py3.10.egg-info
[4.132s] running install_scripts
[4.213s] Installing imu_publisher script to /home/utux/code/sensor_test/install/uuv_imu_driver_py/lib/uuv_imu_driver_py
[4.215s] writing list of installed files to '/home/utux/code/sensor_test/build/uuv_imu_driver_py/install.log'
[4.332s] Invoked command in '/home/utux/code/sensor_test/src/uuv_imu_driver_py' returned '0': PYTHONPATH=/home/utux/code/sensor_test/build/uuv_imu_driver_py/prefix_override:/usr/lib/python3/dist-packages/colcon_core/task/python/colcon_distutils_commands:/home/utux/code/sensor_test/install/uuv_imu_driver_py/lib/python3.10/site-packages:${PYTHONPATH} /usr/bin/python3 -W ignore:setup.py install is deprecated -W ignore:easy_install command is deprecated setup.py egg_info --egg-base ../../build/uuv_imu_driver_py build --build-base /home/utux/code/sensor_test/build/uuv_imu_driver_py/build install --record /home/utux/code/sensor_test/build/uuv_imu_driver_py/install.log --single-version-externally-managed install_data
