[0.704s] DEBUG:colcon:Command line arguments: ['/usr/bin/colcon', 'build']
[0.705s] DEBUG:colcon:Parsed command line arguments: Namespace(log_base=None, log_level=None, verb_name='build', build_base='build', install_base='install', merge_install=False, symlink_install=False, test_result_base=None, continue_on_error=False, executor='parallel', parallel_workers=4, event_handlers=None, ignore_user_meta=False, metas=['./colcon.meta'], base_paths=['.'], packages_ignore=None, packages_ignore_regex=None, paths=None, packages_up_to=None, packages_up_to_regex=None, packages_above=None, packages_above_and_dependencies=None, packages_above_depth=None, packages_select_by_dep=None, packages_skip_by_dep=None, packages_skip_up_to=None, packages_select_build_failed=False, packages_skip_build_finished=False, packages_select_test_failures=False, packages_skip_test_passed=False, packages_select=None, packages_skip=None, packages_select_regex=None, packages_skip_regex=None, packages_start=None, packages_end=None, allow_overriding=[], cmake_args=None, cmake_target=None, cmake_target_skip_unavailable=False, cmake_clean_cache=False, cmake_clean_first=False, cmake_force_configure=False, ament_cmake_args=None, catkin_cmake_args=None, catkin_skip_building_tests=False, verb_parser=<colcon_defaults.argument_parser.defaults.DefaultArgumentsDecorator object at 0xffff828cfcd0>, verb_extension=<colcon_core.verb.build.BuildVerb object at 0xffff82a0d060>, main=<bound method BuildVerb.main of <colcon_core.verb.build.BuildVerb object at 0xffff82a0d060>>)
[1.754s] Level 1:colcon.colcon_core.package_discovery:discover_packages(colcon_meta) check parameters
[1.755s] Level 1:colcon.colcon_core.package_discovery:discover_packages(recursive) check parameters
[1.755s] Level 1:colcon.colcon_core.package_discovery:discover_packages(ignore) check parameters
[1.755s] Level 1:colcon.colcon_core.package_discovery:discover_packages(path) check parameters
[1.756s] Level 1:colcon.colcon_core.package_discovery:discover_packages(colcon_meta) discover
[1.756s] Level 1:colcon.colcon_core.package_discovery:discover_packages(recursive) discover
[1.756s] INFO:colcon.colcon_core.package_discovery:Crawling recursively for packages in '/home/utux/code/sensor_test'
[1.757s] Level 1:colcon.colcon_core.package_identification:_identify(.) by extensions ['ignore', 'ignore_ament_install']
[1.757s] Level 1:colcon.colcon_core.package_identification:_identify(.) by extension 'ignore'
[1.757s] Level 1:colcon.colcon_core.package_identification:_identify(.) by extension 'ignore_ament_install'
[1.758s] Level 1:colcon.colcon_core.package_identification:_identify(.) by extensions ['colcon_pkg']
[1.758s] Level 1:colcon.colcon_core.package_identification:_identify(.) by extension 'colcon_pkg'
[1.758s] Level 1:colcon.colcon_core.package_identification:_identify(.) by extensions ['colcon_meta']
[1.758s] Level 1:colcon.colcon_core.package_identification:_identify(.) by extension 'colcon_meta'
[1.758s] Level 1:colcon.colcon_core.package_identification:_identify(.) by extensions ['ros']
[1.758s] Level 1:colcon.colcon_core.package_identification:_identify(.) by extension 'ros'
[1.827s] Level 1:colcon.colcon_core.package_identification:_identify(.) by extensions ['cmake', 'python']
[1.827s] Level 1:colcon.colcon_core.package_identification:_identify(.) by extension 'cmake'
[1.827s] Level 1:colcon.colcon_core.package_identification:_identify(.) by extension 'python'
[1.827s] Level 1:colcon.colcon_core.package_identification:_identify(.) by extensions ['python_setup_py']
[1.828s] Level 1:colcon.colcon_core.package_identification:_identify(.) by extension 'python_setup_py'
[1.829s] Level 1:colcon.colcon_core.package_identification:_identify(build) by extensions ['ignore', 'ignore_ament_install']
[1.829s] Level 1:colcon.colcon_core.package_identification:_identify(build) by extension 'ignore'
[1.829s] Level 1:colcon.colcon_core.package_identification:_identify(build) ignored
[1.830s] Level 1:colcon.colcon_core.package_identification:_identify(install) by extensions ['ignore', 'ignore_ament_install']
[1.831s] Level 1:colcon.colcon_core.package_identification:_identify(install) by extension 'ignore'
[1.832s] Level 1:colcon.colcon_core.package_identification:_identify(install) ignored
[1.832s] Level 1:colcon.colcon_core.package_identification:_identify(launch) by extensions ['ignore', 'ignore_ament_install']
[1.833s] Level 1:colcon.colcon_core.package_identification:_identify(launch) by extension 'ignore'
[1.833s] Level 1:colcon.colcon_core.package_identification:_identify(launch) by extension 'ignore_ament_install'
[1.834s] Level 1:colcon.colcon_core.package_identification:_identify(launch) by extensions ['colcon_pkg']
[1.834s] Level 1:colcon.colcon_core.package_identification:_identify(launch) by extension 'colcon_pkg'
[1.834s] Level 1:colcon.colcon_core.package_identification:_identify(launch) by extensions ['colcon_meta']
[1.834s] Level 1:colcon.colcon_core.package_identification:_identify(launch) by extension 'colcon_meta'
[1.835s] Level 1:colcon.colcon_core.package_identification:_identify(launch) by extensions ['ros']
[1.835s] Level 1:colcon.colcon_core.package_identification:_identify(launch) by extension 'ros'
[1.835s] Level 1:colcon.colcon_core.package_identification:_identify(launch) by extensions ['cmake', 'python']
[1.835s] Level 1:colcon.colcon_core.package_identification:_identify(launch) by extension 'cmake'
[1.836s] Level 1:colcon.colcon_core.package_identification:_identify(launch) by extension 'python'
[1.836s] Level 1:colcon.colcon_core.package_identification:_identify(launch) by extensions ['python_setup_py']
[1.836s] Level 1:colcon.colcon_core.package_identification:_identify(launch) by extension 'python_setup_py'
[1.836s] Level 1:colcon.colcon_core.package_identification:_identify(launch/__pycache__) by extensions ['ignore', 'ignore_ament_install']
[1.837s] Level 1:colcon.colcon_core.package_identification:_identify(launch/__pycache__) by extension 'ignore'
[1.837s] Level 1:colcon.colcon_core.package_identification:_identify(launch/__pycache__) by extension 'ignore_ament_install'
[1.838s] Level 1:colcon.colcon_core.package_identification:_identify(launch/__pycache__) by extensions ['colcon_pkg']
[1.838s] Level 1:colcon.colcon_core.package_identification:_identify(launch/__pycache__) by extension 'colcon_pkg'
[1.838s] Level 1:colcon.colcon_core.package_identification:_identify(launch/__pycache__) by extensions ['colcon_meta']
[1.839s] Level 1:colcon.colcon_core.package_identification:_identify(launch/__pycache__) by extension 'colcon_meta'
[1.839s] Level 1:colcon.colcon_core.package_identification:_identify(launch/__pycache__) by extensions ['ros']
[1.839s] Level 1:colcon.colcon_core.package_identification:_identify(launch/__pycache__) by extension 'ros'
[1.840s] Level 1:colcon.colcon_core.package_identification:_identify(launch/__pycache__) by extensions ['cmake', 'python']
[1.840s] Level 1:colcon.colcon_core.package_identification:_identify(launch/__pycache__) by extension 'cmake'
[1.841s] Level 1:colcon.colcon_core.package_identification:_identify(launch/__pycache__) by extension 'python'
[1.841s] Level 1:colcon.colcon_core.package_identification:_identify(launch/__pycache__) by extensions ['python_setup_py']
[1.841s] Level 1:colcon.colcon_core.package_identification:_identify(launch/__pycache__) by extension 'python_setup_py'
[1.842s] Level 1:colcon.colcon_core.package_identification:_identify(log) by extensions ['ignore', 'ignore_ament_install']
[1.843s] Level 1:colcon.colcon_core.package_identification:_identify(log) by extension 'ignore'
[1.843s] Level 1:colcon.colcon_core.package_identification:_identify(log) ignored
[1.843s] Level 1:colcon.colcon_core.package_identification:_identify(src) by extensions ['ignore', 'ignore_ament_install']
[1.844s] Level 1:colcon.colcon_core.package_identification:_identify(src) by extension 'ignore'
[1.844s] Level 1:colcon.colcon_core.package_identification:_identify(src) by extension 'ignore_ament_install'
[1.844s] Level 1:colcon.colcon_core.package_identification:_identify(src) by extensions ['colcon_pkg']
[1.844s] Level 1:colcon.colcon_core.package_identification:_identify(src) by extension 'colcon_pkg'
[1.845s] Level 1:colcon.colcon_core.package_identification:_identify(src) by extensions ['colcon_meta']
[1.845s] Level 1:colcon.colcon_core.package_identification:_identify(src) by extension 'colcon_meta'
[1.845s] Level 1:colcon.colcon_core.package_identification:_identify(src) by extensions ['ros']
[1.845s] Level 1:colcon.colcon_core.package_identification:_identify(src) by extension 'ros'
[1.846s] Level 1:colcon.colcon_core.package_identification:_identify(src) by extensions ['cmake', 'python']
[1.846s] Level 1:colcon.colcon_core.package_identification:_identify(src) by extension 'cmake'
[1.846s] Level 1:colcon.colcon_core.package_identification:_identify(src) by extension 'python'
[1.846s] Level 1:colcon.colcon_core.package_identification:_identify(src) by extensions ['python_setup_py']
[1.846s] Level 1:colcon.colcon_core.package_identification:_identify(src) by extension 'python_setup_py'
[1.847s] Level 1:colcon.colcon_core.package_identification:_identify(src/uuv_imu_driver_cpp) by extensions ['ignore', 'ignore_ament_install']
[1.847s] Level 1:colcon.colcon_core.package_identification:_identify(src/uuv_imu_driver_cpp) by extension 'ignore'
[1.847s] Level 1:colcon.colcon_core.package_identification:_identify(src/uuv_imu_driver_cpp) by extension 'ignore_ament_install'
[1.848s] Level 1:colcon.colcon_core.package_identification:_identify(src/uuv_imu_driver_cpp) by extensions ['colcon_pkg']
[1.848s] Level 1:colcon.colcon_core.package_identification:_identify(src/uuv_imu_driver_cpp) by extension 'colcon_pkg'
[1.848s] Level 1:colcon.colcon_core.package_identification:_identify(src/uuv_imu_driver_cpp) by extensions ['colcon_meta']
[1.848s] Level 1:colcon.colcon_core.package_identification:_identify(src/uuv_imu_driver_cpp) by extension 'colcon_meta'
[1.848s] Level 1:colcon.colcon_core.package_identification:_identify(src/uuv_imu_driver_cpp) by extensions ['ros']
[1.849s] Level 1:colcon.colcon_core.package_identification:_identify(src/uuv_imu_driver_cpp) by extension 'ros'
[1.866s] DEBUG:colcon.colcon_core.package_identification:Package 'src/uuv_imu_driver_cpp' with type 'ros.ament_cmake' and name 'uuv_imu_driver_cpp'
[1.867s] Level 1:colcon.colcon_core.package_identification:_identify(src/uuv_imu_driver_py) by extensions ['ignore', 'ignore_ament_install']
[1.867s] Level 1:colcon.colcon_core.package_identification:_identify(src/uuv_imu_driver_py) by extension 'ignore'
[1.868s] Level 1:colcon.colcon_core.package_identification:_identify(src/uuv_imu_driver_py) by extension 'ignore_ament_install'
[1.868s] Level 1:colcon.colcon_core.package_identification:_identify(src/uuv_imu_driver_py) by extensions ['colcon_pkg']
[1.868s] Level 1:colcon.colcon_core.package_identification:_identify(src/uuv_imu_driver_py) by extension 'colcon_pkg'
[1.868s] Level 1:colcon.colcon_core.package_identification:_identify(src/uuv_imu_driver_py) by extensions ['colcon_meta']
[1.869s] Level 1:colcon.colcon_core.package_identification:_identify(src/uuv_imu_driver_py) by extension 'colcon_meta'
[1.869s] Level 1:colcon.colcon_core.package_identification:_identify(src/uuv_imu_driver_py) by extensions ['ros']
[1.869s] Level 1:colcon.colcon_core.package_identification:_identify(src/uuv_imu_driver_py) by extension 'ros'
[1.878s] DEBUG:colcon.colcon_core.package_identification:Package 'src/uuv_imu_driver_py' with type 'ros.ament_python' and name 'uuv_imu_driver_py'
[1.878s] Level 1:colcon.colcon_core.package_discovery:discover_packages(recursive) using defaults
[1.879s] Level 1:colcon.colcon_core.package_discovery:discover_packages(ignore) discover
[1.879s] Level 1:colcon.colcon_core.package_discovery:discover_packages(ignore) using defaults
[1.879s] Level 1:colcon.colcon_core.package_discovery:discover_packages(path) discover
[1.879s] Level 1:colcon.colcon_core.package_discovery:discover_packages(path) using defaults
[2.003s] Level 1:colcon.colcon_core.package_discovery:discover_packages(prefix_path) check parameters
[2.003s] Level 1:colcon.colcon_core.package_discovery:discover_packages(prefix_path) discover
[2.022s] DEBUG:colcon.colcon_installed_package_information.package_discovery:Found 2 installed packages in /home/utux/code/sensor_test/install
[2.031s] DEBUG:colcon.colcon_installed_package_information.package_discovery:Found 271 installed packages in /opt/ros/humble
[2.072s] Level 1:colcon.colcon_core.package_discovery:discover_packages(prefix_path) using defaults
[2.282s] Level 5:colcon.colcon_core.verb:set package 'uuv_imu_driver_cpp' build argument 'cmake_args' from command line to 'None'
[2.282s] Level 5:colcon.colcon_core.verb:set package 'uuv_imu_driver_cpp' build argument 'cmake_target' from command line to 'None'
[2.282s] Level 5:colcon.colcon_core.verb:set package 'uuv_imu_driver_cpp' build argument 'cmake_target_skip_unavailable' from command line to 'False'
[2.283s] Level 5:colcon.colcon_core.verb:set package 'uuv_imu_driver_cpp' build argument 'cmake_clean_cache' from command line to 'False'
[2.283s] Level 5:colcon.colcon_core.verb:set package 'uuv_imu_driver_cpp' build argument 'cmake_clean_first' from command line to 'False'
[2.283s] Level 5:colcon.colcon_core.verb:set package 'uuv_imu_driver_cpp' build argument 'cmake_force_configure' from command line to 'False'
[2.283s] Level 5:colcon.colcon_core.verb:set package 'uuv_imu_driver_cpp' build argument 'ament_cmake_args' from command line to 'None'
[2.283s] Level 5:colcon.colcon_core.verb:set package 'uuv_imu_driver_cpp' build argument 'catkin_cmake_args' from command line to 'None'
[2.283s] Level 5:colcon.colcon_core.verb:set package 'uuv_imu_driver_cpp' build argument 'catkin_skip_building_tests' from command line to 'False'
[2.283s] DEBUG:colcon.colcon_core.verb:Building package 'uuv_imu_driver_cpp' with the following arguments: {'ament_cmake_args': None, 'build_base': '/home/utux/code/sensor_test/build/uuv_imu_driver_cpp', 'catkin_cmake_args': None, 'catkin_skip_building_tests': False, 'cmake_args': None, 'cmake_clean_cache': False, 'cmake_clean_first': False, 'cmake_force_configure': False, 'cmake_target': None, 'cmake_target_skip_unavailable': False, 'install_base': '/home/utux/code/sensor_test/install/uuv_imu_driver_cpp', 'merge_install': False, 'path': '/home/utux/code/sensor_test/src/uuv_imu_driver_cpp', 'symlink_install': False, 'test_result_base': None}
[2.285s] Level 5:colcon.colcon_core.verb:set package 'uuv_imu_driver_py' build argument 'cmake_args' from command line to 'None'
[2.285s] Level 5:colcon.colcon_core.verb:set package 'uuv_imu_driver_py' build argument 'cmake_target' from command line to 'None'
[2.285s] Level 5:colcon.colcon_core.verb:set package 'uuv_imu_driver_py' build argument 'cmake_target_skip_unavailable' from command line to 'False'
[2.285s] Level 5:colcon.colcon_core.verb:set package 'uuv_imu_driver_py' build argument 'cmake_clean_cache' from command line to 'False'
[2.285s] Level 5:colcon.colcon_core.verb:set package 'uuv_imu_driver_py' build argument 'cmake_clean_first' from command line to 'False'
[2.285s] Level 5:colcon.colcon_core.verb:set package 'uuv_imu_driver_py' build argument 'cmake_force_configure' from command line to 'False'
[2.286s] Level 5:colcon.colcon_core.verb:set package 'uuv_imu_driver_py' build argument 'ament_cmake_args' from command line to 'None'
[2.286s] Level 5:colcon.colcon_core.verb:set package 'uuv_imu_driver_py' build argument 'catkin_cmake_args' from command line to 'None'
[2.286s] Level 5:colcon.colcon_core.verb:set package 'uuv_imu_driver_py' build argument 'catkin_skip_building_tests' from command line to 'False'
[2.286s] DEBUG:colcon.colcon_core.verb:Building package 'uuv_imu_driver_py' with the following arguments: {'ament_cmake_args': None, 'build_base': '/home/utux/code/sensor_test/build/uuv_imu_driver_py', 'catkin_cmake_args': None, 'catkin_skip_building_tests': False, 'cmake_args': None, 'cmake_clean_cache': False, 'cmake_clean_first': False, 'cmake_force_configure': False, 'cmake_target': None, 'cmake_target_skip_unavailable': False, 'install_base': '/home/utux/code/sensor_test/install/uuv_imu_driver_py', 'merge_install': False, 'path': '/home/utux/code/sensor_test/src/uuv_imu_driver_py', 'symlink_install': False, 'test_result_base': None}
[2.286s] INFO:colcon.colcon_core.executor:Executing jobs using 'parallel' executor
[2.290s] DEBUG:colcon.colcon_parallel_executor.executor.parallel:run_until_complete
[2.291s] INFO:colcon.colcon_ros.task.ament_cmake.build:Building ROS package in '/home/utux/code/sensor_test/src/uuv_imu_driver_cpp' with build type 'ament_cmake'
[2.291s] INFO:colcon.colcon_cmake.task.cmake.build:Building CMake package in '/home/utux/code/sensor_test/src/uuv_imu_driver_cpp'
[2.313s] INFO:colcon.colcon_core.plugin_system:Skipping extension 'colcon_core.shell.bat': Not used on non-Windows systems
[2.315s] INFO:colcon.colcon_core.shell:Skip shell extension 'powershell' for command environment: Not usable outside of PowerShell
[2.315s] DEBUG:colcon.colcon_core.shell:Skip shell extension 'dsv' for command environment
[2.342s] INFO:colcon.colcon_ros.task.ament_python.build:Building ROS package in '/home/utux/code/sensor_test/src/uuv_imu_driver_py' with build type 'ament_python'
[2.342s] Level 1:colcon.colcon_core.shell:create_environment_hook('uuv_imu_driver_py', 'ament_prefix_path')
[2.344s] INFO:colcon.colcon_core.shell:Creating environment hook '/home/utux/code/sensor_test/install/uuv_imu_driver_py/share/uuv_imu_driver_py/hook/ament_prefix_path.ps1'
[2.349s] INFO:colcon.colcon_core.shell:Creating environment descriptor '/home/utux/code/sensor_test/install/uuv_imu_driver_py/share/uuv_imu_driver_py/hook/ament_prefix_path.dsv'
[2.354s] INFO:colcon.colcon_core.shell:Creating environment hook '/home/utux/code/sensor_test/install/uuv_imu_driver_py/share/uuv_imu_driver_py/hook/ament_prefix_path.sh'
[2.359s] INFO:colcon.colcon_core.shell:Skip shell extension 'powershell' for command environment: Not usable outside of PowerShell
[2.359s] DEBUG:colcon.colcon_core.shell:Skip shell extension 'dsv' for command environment
[2.398s] DEBUG:colcon.colcon_core.event_handler.log_command:Invoking command in '/home/utux/code/sensor_test/build/uuv_imu_driver_cpp': CMAKE_PREFIX_PATH=${CMAKE_PREFIX_PATH}:/home/utux/code/sensor_test/install/uuv_imu_driver_py:/opt/ros/humble /usr/bin/cmake --build /home/utux/code/sensor_test/build/uuv_imu_driver_cpp -- -j4 -l4
[3.949s] INFO:colcon.colcon_core.task.python.build:Building Python package in '/home/utux/code/sensor_test/src/uuv_imu_driver_py'
[3.950s] INFO:colcon.colcon_core.shell:Skip shell extension 'powershell' for command environment: Not usable outside of PowerShell
[3.951s] DEBUG:colcon.colcon_core.shell:Skip shell extension 'dsv' for command environment
[6.453s] DEBUG:colcon.colcon_core.event_handler.log_command:Invoked command in '/home/utux/code/sensor_test/build/uuv_imu_driver_cpp' returned '0': CMAKE_PREFIX_PATH=${CMAKE_PREFIX_PATH}:/home/utux/code/sensor_test/install/uuv_imu_driver_py:/opt/ros/humble /usr/bin/cmake --build /home/utux/code/sensor_test/build/uuv_imu_driver_cpp -- -j4 -l4
[6.512s] DEBUG:colcon.colcon_core.event_handler.log_command:Invoking command in '/home/utux/code/sensor_test/build/uuv_imu_driver_cpp': CMAKE_PREFIX_PATH=${CMAKE_PREFIX_PATH}:/home/utux/code/sensor_test/install/uuv_imu_driver_py:/opt/ros/humble /usr/bin/cmake --install /home/utux/code/sensor_test/build/uuv_imu_driver_cpp
[6.533s] DEBUG:colcon.colcon_core.event_handler.log_command:Invoking command in '/home/utux/code/sensor_test/src/uuv_imu_driver_py': PYTHONPATH=/home/utux/code/sensor_test/build/uuv_imu_driver_py/prefix_override:/usr/lib/python3/dist-packages/colcon_core/task/python/colcon_distutils_commands:/home/utux/code/sensor_test/install/uuv_imu_driver_py/lib/python3.10/site-packages:${PYTHONPATH} /usr/bin/python3 -W ignore:setup.py install is deprecated -W ignore:easy_install command is deprecated setup.py egg_info --egg-base ../../build/uuv_imu_driver_py build --build-base /home/utux/code/sensor_test/build/uuv_imu_driver_py/build install --record /home/utux/code/sensor_test/build/uuv_imu_driver_py/install.log --single-version-externally-managed install_data
[6.596s] Level 1:colcon.colcon_core.environment:create_environment_scripts_only(uuv_imu_driver_cpp)
[6.607s] DEBUG:colcon.colcon_core.event_handler.log_command:Invoked command in '/home/utux/code/sensor_test/build/uuv_imu_driver_cpp' returned '0': CMAKE_PREFIX_PATH=${CMAKE_PREFIX_PATH}:/home/utux/code/sensor_test/install/uuv_imu_driver_py:/opt/ros/humble /usr/bin/cmake --install /home/utux/code/sensor_test/build/uuv_imu_driver_cpp
[6.626s] Level 1:colcon.colcon_core.environment:checking '/home/utux/code/sensor_test/install/uuv_imu_driver_cpp' for CMake module files
[6.629s] Level 1:colcon.colcon_core.environment:checking '/home/utux/code/sensor_test/install/uuv_imu_driver_cpp' for CMake config files
[6.631s] Level 1:colcon.colcon_core.shell:create_environment_hook('uuv_imu_driver_cpp', 'cmake_prefix_path')
[6.632s] INFO:colcon.colcon_core.shell:Creating environment hook '/home/utux/code/sensor_test/install/uuv_imu_driver_cpp/share/uuv_imu_driver_cpp/hook/cmake_prefix_path.ps1'
[6.635s] INFO:colcon.colcon_core.shell:Creating environment descriptor '/home/utux/code/sensor_test/install/uuv_imu_driver_cpp/share/uuv_imu_driver_cpp/hook/cmake_prefix_path.dsv'
[6.638s] INFO:colcon.colcon_core.shell:Creating environment hook '/home/utux/code/sensor_test/install/uuv_imu_driver_cpp/share/uuv_imu_driver_cpp/hook/cmake_prefix_path.sh'
[6.642s] Level 1:colcon.colcon_core.environment:checking '/home/utux/code/sensor_test/install/uuv_imu_driver_cpp/lib'
[6.643s] Level 1:colcon.colcon_core.environment:checking '/home/utux/code/sensor_test/install/uuv_imu_driver_cpp/bin'
[6.644s] Level 1:colcon.colcon_core.environment:checking '/home/utux/code/sensor_test/install/uuv_imu_driver_cpp/lib/pkgconfig/uuv_imu_driver_cpp.pc'
[6.645s] Level 1:colcon.colcon_core.environment:checking '/home/utux/code/sensor_test/install/uuv_imu_driver_cpp/lib/python3.10/site-packages'
[6.647s] Level 1:colcon.colcon_core.environment:checking '/home/utux/code/sensor_test/install/uuv_imu_driver_cpp/bin'
[6.649s] INFO:colcon.colcon_core.shell:Creating package script '/home/utux/code/sensor_test/install/uuv_imu_driver_cpp/share/uuv_imu_driver_cpp/package.ps1'
[6.654s] INFO:colcon.colcon_core.shell:Creating package descriptor '/home/utux/code/sensor_test/install/uuv_imu_driver_cpp/share/uuv_imu_driver_cpp/package.dsv'
[6.659s] INFO:colcon.colcon_core.shell:Creating package script '/home/utux/code/sensor_test/install/uuv_imu_driver_cpp/share/uuv_imu_driver_cpp/package.sh'
[6.663s] INFO:colcon.colcon_core.shell:Creating package script '/home/utux/code/sensor_test/install/uuv_imu_driver_cpp/share/uuv_imu_driver_cpp/package.bash'
[6.669s] INFO:colcon.colcon_core.shell:Creating package script '/home/utux/code/sensor_test/install/uuv_imu_driver_cpp/share/uuv_imu_driver_cpp/package.zsh'
[6.673s] Level 1:colcon.colcon_core.environment:create_file_with_runtime_dependencies(/home/utux/code/sensor_test/install/uuv_imu_driver_cpp/share/colcon-core/packages/uuv_imu_driver_cpp)
[6.677s] Level 1:colcon.colcon_core.environment:create_environment_scripts_only(uuv_imu_driver_cpp)
[6.678s] Level 1:colcon.colcon_core.environment:checking '/home/utux/code/sensor_test/install/uuv_imu_driver_cpp' for CMake module files
[6.682s] Level 1:colcon.colcon_core.environment:checking '/home/utux/code/sensor_test/install/uuv_imu_driver_cpp' for CMake config files
[6.684s] Level 1:colcon.colcon_core.shell:create_environment_hook('uuv_imu_driver_cpp', 'cmake_prefix_path')
[6.685s] INFO:colcon.colcon_core.shell:Creating environment hook '/home/utux/code/sensor_test/install/uuv_imu_driver_cpp/share/uuv_imu_driver_cpp/hook/cmake_prefix_path.ps1'
[6.688s] INFO:colcon.colcon_core.shell:Creating environment descriptor '/home/utux/code/sensor_test/install/uuv_imu_driver_cpp/share/uuv_imu_driver_cpp/hook/cmake_prefix_path.dsv'
[6.691s] INFO:colcon.colcon_core.shell:Creating environment hook '/home/utux/code/sensor_test/install/uuv_imu_driver_cpp/share/uuv_imu_driver_cpp/hook/cmake_prefix_path.sh'
[6.695s] Level 1:colcon.colcon_core.environment:checking '/home/utux/code/sensor_test/install/uuv_imu_driver_cpp/lib'
[6.695s] Level 1:colcon.colcon_core.environment:checking '/home/utux/code/sensor_test/install/uuv_imu_driver_cpp/bin'
[6.696s] Level 1:colcon.colcon_core.environment:checking '/home/utux/code/sensor_test/install/uuv_imu_driver_cpp/lib/pkgconfig/uuv_imu_driver_cpp.pc'
[6.697s] Level 1:colcon.colcon_core.environment:checking '/home/utux/code/sensor_test/install/uuv_imu_driver_cpp/lib/python3.10/site-packages'
[6.699s] Level 1:colcon.colcon_core.environment:checking '/home/utux/code/sensor_test/install/uuv_imu_driver_cpp/bin'
[6.701s] INFO:colcon.colcon_core.shell:Creating package script '/home/utux/code/sensor_test/install/uuv_imu_driver_cpp/share/uuv_imu_driver_cpp/package.ps1'
[6.704s] INFO:colcon.colcon_core.shell:Creating package descriptor '/home/utux/code/sensor_test/install/uuv_imu_driver_cpp/share/uuv_imu_driver_cpp/package.dsv'
[6.706s] INFO:colcon.colcon_core.shell:Creating package script '/home/utux/code/sensor_test/install/uuv_imu_driver_cpp/share/uuv_imu_driver_cpp/package.sh'
[6.709s] INFO:colcon.colcon_core.shell:Creating package script '/home/utux/code/sensor_test/install/uuv_imu_driver_cpp/share/uuv_imu_driver_cpp/package.bash'
[6.712s] INFO:colcon.colcon_core.shell:Creating package script '/home/utux/code/sensor_test/install/uuv_imu_driver_cpp/share/uuv_imu_driver_cpp/package.zsh'
[6.715s] Level 1:colcon.colcon_core.environment:create_file_with_runtime_dependencies(/home/utux/code/sensor_test/install/uuv_imu_driver_cpp/share/colcon-core/packages/uuv_imu_driver_cpp)
[8.059s] Level 1:colcon.colcon_core.environment:checking '/home/utux/code/sensor_test/install/uuv_imu_driver_py' for CMake module files
[8.062s] DEBUG:colcon.colcon_core.event_handler.log_command:Invoked command in '/home/utux/code/sensor_test/src/uuv_imu_driver_py' returned '0': PYTHONPATH=/home/utux/code/sensor_test/build/uuv_imu_driver_py/prefix_override:/usr/lib/python3/dist-packages/colcon_core/task/python/colcon_distutils_commands:/home/utux/code/sensor_test/install/uuv_imu_driver_py/lib/python3.10/site-packages:${PYTHONPATH} /usr/bin/python3 -W ignore:setup.py install is deprecated -W ignore:easy_install command is deprecated setup.py egg_info --egg-base ../../build/uuv_imu_driver_py build --build-base /home/utux/code/sensor_test/build/uuv_imu_driver_py/build install --record /home/utux/code/sensor_test/build/uuv_imu_driver_py/install.log --single-version-externally-managed install_data
[8.064s] Level 1:colcon.colcon_core.environment:checking '/home/utux/code/sensor_test/install/uuv_imu_driver_py' for CMake config files
[8.069s] Level 1:colcon.colcon_core.environment:checking '/home/utux/code/sensor_test/install/uuv_imu_driver_py/lib'
[8.069s] Level 1:colcon.colcon_core.environment:checking '/home/utux/code/sensor_test/install/uuv_imu_driver_py/bin'
[8.070s] Level 1:colcon.colcon_core.environment:checking '/home/utux/code/sensor_test/install/uuv_imu_driver_py/lib/pkgconfig/uuv_imu_driver_py.pc'
[8.071s] Level 1:colcon.colcon_core.environment:checking '/home/utux/code/sensor_test/install/uuv_imu_driver_py/lib/python3.10/site-packages'
[8.072s] Level 1:colcon.colcon_core.shell:create_environment_hook('uuv_imu_driver_py', 'pythonpath')
[8.074s] INFO:colcon.colcon_core.shell:Creating environment hook '/home/utux/code/sensor_test/install/uuv_imu_driver_py/share/uuv_imu_driver_py/hook/pythonpath.ps1'
[8.077s] INFO:colcon.colcon_core.shell:Creating environment descriptor '/home/utux/code/sensor_test/install/uuv_imu_driver_py/share/uuv_imu_driver_py/hook/pythonpath.dsv'
[8.080s] INFO:colcon.colcon_core.shell:Creating environment hook '/home/utux/code/sensor_test/install/uuv_imu_driver_py/share/uuv_imu_driver_py/hook/pythonpath.sh'
[8.086s] Level 1:colcon.colcon_core.environment:checking '/home/utux/code/sensor_test/install/uuv_imu_driver_py/bin'
[8.086s] Level 1:colcon.colcon_core.environment:create_environment_scripts_only(uuv_imu_driver_py)
[8.089s] INFO:colcon.colcon_core.shell:Creating package script '/home/utux/code/sensor_test/install/uuv_imu_driver_py/share/uuv_imu_driver_py/package.ps1'
[8.091s] INFO:colcon.colcon_core.shell:Creating package descriptor '/home/utux/code/sensor_test/install/uuv_imu_driver_py/share/uuv_imu_driver_py/package.dsv'
[8.094s] INFO:colcon.colcon_core.shell:Creating package script '/home/utux/code/sensor_test/install/uuv_imu_driver_py/share/uuv_imu_driver_py/package.sh'
[8.096s] INFO:colcon.colcon_core.shell:Creating package script '/home/utux/code/sensor_test/install/uuv_imu_driver_py/share/uuv_imu_driver_py/package.bash'
[8.098s] INFO:colcon.colcon_core.shell:Creating package script '/home/utux/code/sensor_test/install/uuv_imu_driver_py/share/uuv_imu_driver_py/package.zsh'
[8.100s] Level 1:colcon.colcon_core.environment:create_file_with_runtime_dependencies(/home/utux/code/sensor_test/install/uuv_imu_driver_py/share/colcon-core/packages/uuv_imu_driver_py)
[8.102s] DEBUG:colcon.colcon_parallel_executor.executor.parallel:closing loop
[8.103s] DEBUG:colcon.colcon_parallel_executor.executor.parallel:loop closed
[8.104s] DEBUG:colcon.colcon_parallel_executor.executor.parallel:run_until_complete finished with '0'
[8.104s] DEBUG:colcon.colcon_core.event_reactor:joining thread
[8.143s] INFO:colcon.colcon_core.plugin_system:Skipping extension 'colcon_notification.desktop_notification.notify_send': Could not find 'notify-send'
[8.144s] INFO:colcon.colcon_core.plugin_system:Skipping extension 'colcon_notification.desktop_notification.terminal_notifier': Not used on non-Darwin systems
[8.144s] INFO:colcon.colcon_core.plugin_system:Skipping extension 'colcon_notification.desktop_notification.win32': Not used on non-Windows systems
[8.144s] INFO:colcon.colcon_notification.desktop_notification:Sending desktop notification using 'notify2'
[8.198s] DEBUG:colcon.colcon_notification.desktop_notification.notify2:Failed to initialize notify2: org.freedesktop.DBus.Error.ServiceUnknown: The name org.freedesktop.Notifications was not provided by any .service files
[8.198s] DEBUG:colcon.colcon_core.event_reactor:joined thread
[8.199s] INFO:colcon.colcon_core.shell:Creating prefix script '/home/utux/code/sensor_test/install/local_setup.ps1'
[8.205s] INFO:colcon.colcon_core.shell:Creating prefix util module '/home/utux/code/sensor_test/install/_local_setup_util_ps1.py'
[8.212s] INFO:colcon.colcon_core.shell:Creating prefix chain script '/home/utux/code/sensor_test/install/setup.ps1'
[8.223s] INFO:colcon.colcon_core.shell:Creating prefix script '/home/utux/code/sensor_test/install/local_setup.sh'
[8.227s] INFO:colcon.colcon_core.shell:Creating prefix util module '/home/utux/code/sensor_test/install/_local_setup_util_sh.py'
[8.230s] INFO:colcon.colcon_core.shell:Creating prefix chain script '/home/utux/code/sensor_test/install/setup.sh'
[8.238s] INFO:colcon.colcon_core.shell:Creating prefix script '/home/utux/code/sensor_test/install/local_setup.bash'
[8.241s] INFO:colcon.colcon_core.shell:Creating prefix chain script '/home/utux/code/sensor_test/install/setup.bash'
[8.246s] INFO:colcon.colcon_core.shell:Creating prefix script '/home/utux/code/sensor_test/install/local_setup.zsh'
[8.250s] INFO:colcon.colcon_core.shell:Creating prefix chain script '/home/utux/code/sensor_test/install/setup.zsh'
