[0.441s] DEBUG:colcon:Command line arguments: ['/usr/bin/colcon', 'build', '--packages-select', 'uuv_imu_driver_py']
[0.441s] DEBUG:colcon:Parsed command line arguments: Namespace(log_base=None, log_level=None, verb_name='build', build_base='build', install_base='install', merge_install=False, symlink_install=False, test_result_base=None, continue_on_error=False, executor='parallel', parallel_workers=4, event_handlers=None, ignore_user_meta=False, metas=['./colcon.meta'], base_paths=['.'], packages_ignore=None, packages_ignore_regex=None, paths=None, packages_up_to=None, packages_up_to_regex=None, packages_above=None, packages_above_and_dependencies=None, packages_above_depth=None, packages_select_by_dep=None, packages_skip_by_dep=None, packages_skip_up_to=None, packages_select_build_failed=False, packages_skip_build_finished=False, packages_select_test_failures=False, packages_skip_test_passed=False, packages_select=['uuv_imu_driver_py'], packages_skip=None, packages_select_regex=None, packages_skip_regex=None, packages_start=None, packages_end=None, allow_overriding=[], cmake_args=None, cmake_target=None, cmake_target_skip_unavailable=False, cmake_clean_cache=False, cmake_clean_first=False, cmake_force_configure=False, ament_cmake_args=None, catkin_cmake_args=None, catkin_skip_building_tests=False, verb_parser=<colcon_defaults.argument_parser.defaults.DefaultArgumentsDecorator object at 0xffff860d3d00>, verb_extension=<colcon_core.verb.build.BuildVerb object at 0xffff862ad090>, main=<bound method BuildVerb.main of <colcon_core.verb.build.BuildVerb object at 0xffff862ad090>>)
[1.260s] Level 1:colcon.colcon_core.package_discovery:discover_packages(colcon_meta) check parameters
[1.261s] Level 1:colcon.colcon_core.package_discovery:discover_packages(recursive) check parameters
[1.261s] Level 1:colcon.colcon_core.package_discovery:discover_packages(ignore) check parameters
[1.261s] Level 1:colcon.colcon_core.package_discovery:discover_packages(path) check parameters
[1.261s] Level 1:colcon.colcon_core.package_discovery:discover_packages(colcon_meta) discover
[1.261s] Level 1:colcon.colcon_core.package_discovery:discover_packages(recursive) discover
[1.262s] INFO:colcon.colcon_core.package_discovery:Crawling recursively for packages in '/home/utux/code/sensor_test'
[1.262s] Level 1:colcon.colcon_core.package_identification:_identify(.) by extensions ['ignore', 'ignore_ament_install']
[1.263s] Level 1:colcon.colcon_core.package_identification:_identify(.) by extension 'ignore'
[1.263s] Level 1:colcon.colcon_core.package_identification:_identify(.) by extension 'ignore_ament_install'
[1.263s] Level 1:colcon.colcon_core.package_identification:_identify(.) by extensions ['colcon_pkg']
[1.263s] Level 1:colcon.colcon_core.package_identification:_identify(.) by extension 'colcon_pkg'
[1.263s] Level 1:colcon.colcon_core.package_identification:_identify(.) by extensions ['colcon_meta']
[1.263s] Level 1:colcon.colcon_core.package_identification:_identify(.) by extension 'colcon_meta'
[1.264s] Level 1:colcon.colcon_core.package_identification:_identify(.) by extensions ['ros']
[1.264s] Level 1:colcon.colcon_core.package_identification:_identify(.) by extension 'ros'
[1.309s] Level 1:colcon.colcon_core.package_identification:_identify(.) by extensions ['cmake', 'python']
[1.310s] Level 1:colcon.colcon_core.package_identification:_identify(.) by extension 'cmake'
[1.310s] Level 1:colcon.colcon_core.package_identification:_identify(.) by extension 'python'
[1.310s] Level 1:colcon.colcon_core.package_identification:_identify(.) by extensions ['python_setup_py']
[1.310s] Level 1:colcon.colcon_core.package_identification:_identify(.) by extension 'python_setup_py'
[1.311s] Level 1:colcon.colcon_core.package_identification:_identify(build) by extensions ['ignore', 'ignore_ament_install']
[1.311s] Level 1:colcon.colcon_core.package_identification:_identify(build) by extension 'ignore'
[1.311s] Level 1:colcon.colcon_core.package_identification:_identify(build) ignored
[1.312s] Level 1:colcon.colcon_core.package_identification:_identify(install) by extensions ['ignore', 'ignore_ament_install']
[1.312s] Level 1:colcon.colcon_core.package_identification:_identify(install) by extension 'ignore'
[1.313s] Level 1:colcon.colcon_core.package_identification:_identify(install) ignored
[1.313s] Level 1:colcon.colcon_core.package_identification:_identify(launch) by extensions ['ignore', 'ignore_ament_install']
[1.313s] Level 1:colcon.colcon_core.package_identification:_identify(launch) by extension 'ignore'
[1.314s] Level 1:colcon.colcon_core.package_identification:_identify(launch) by extension 'ignore_ament_install'
[1.314s] Level 1:colcon.colcon_core.package_identification:_identify(launch) by extensions ['colcon_pkg']
[1.314s] Level 1:colcon.colcon_core.package_identification:_identify(launch) by extension 'colcon_pkg'
[1.314s] Level 1:colcon.colcon_core.package_identification:_identify(launch) by extensions ['colcon_meta']
[1.314s] Level 1:colcon.colcon_core.package_identification:_identify(launch) by extension 'colcon_meta'
[1.314s] Level 1:colcon.colcon_core.package_identification:_identify(launch) by extensions ['ros']
[1.314s] Level 1:colcon.colcon_core.package_identification:_identify(launch) by extension 'ros'
[1.315s] Level 1:colcon.colcon_core.package_identification:_identify(launch) by extensions ['cmake', 'python']
[1.315s] Level 1:colcon.colcon_core.package_identification:_identify(launch) by extension 'cmake'
[1.315s] Level 1:colcon.colcon_core.package_identification:_identify(launch) by extension 'python'
[1.315s] Level 1:colcon.colcon_core.package_identification:_identify(launch) by extensions ['python_setup_py']
[1.315s] Level 1:colcon.colcon_core.package_identification:_identify(launch) by extension 'python_setup_py'
[1.316s] Level 1:colcon.colcon_core.package_identification:_identify(launch/__pycache__) by extensions ['ignore', 'ignore_ament_install']
[1.316s] Level 1:colcon.colcon_core.package_identification:_identify(launch/__pycache__) by extension 'ignore'
[1.317s] Level 1:colcon.colcon_core.package_identification:_identify(launch/__pycache__) by extension 'ignore_ament_install'
[1.317s] Level 1:colcon.colcon_core.package_identification:_identify(launch/__pycache__) by extensions ['colcon_pkg']
[1.317s] Level 1:colcon.colcon_core.package_identification:_identify(launch/__pycache__) by extension 'colcon_pkg'
[1.317s] Level 1:colcon.colcon_core.package_identification:_identify(launch/__pycache__) by extensions ['colcon_meta']
[1.317s] Level 1:colcon.colcon_core.package_identification:_identify(launch/__pycache__) by extension 'colcon_meta'
[1.317s] Level 1:colcon.colcon_core.package_identification:_identify(launch/__pycache__) by extensions ['ros']
[1.318s] Level 1:colcon.colcon_core.package_identification:_identify(launch/__pycache__) by extension 'ros'
[1.318s] Level 1:colcon.colcon_core.package_identification:_identify(launch/__pycache__) by extensions ['cmake', 'python']
[1.318s] Level 1:colcon.colcon_core.package_identification:_identify(launch/__pycache__) by extension 'cmake'
[1.318s] Level 1:colcon.colcon_core.package_identification:_identify(launch/__pycache__) by extension 'python'
[1.318s] Level 1:colcon.colcon_core.package_identification:_identify(launch/__pycache__) by extensions ['python_setup_py']
[1.319s] Level 1:colcon.colcon_core.package_identification:_identify(launch/__pycache__) by extension 'python_setup_py'
[1.319s] Level 1:colcon.colcon_core.package_identification:_identify(log) by extensions ['ignore', 'ignore_ament_install']
[1.320s] Level 1:colcon.colcon_core.package_identification:_identify(log) by extension 'ignore'
[1.320s] Level 1:colcon.colcon_core.package_identification:_identify(log) ignored
[1.320s] Level 1:colcon.colcon_core.package_identification:_identify(src) by extensions ['ignore', 'ignore_ament_install']
[1.321s] Level 1:colcon.colcon_core.package_identification:_identify(src) by extension 'ignore'
[1.321s] Level 1:colcon.colcon_core.package_identification:_identify(src) by extension 'ignore_ament_install'
[1.321s] Level 1:colcon.colcon_core.package_identification:_identify(src) by extensions ['colcon_pkg']
[1.321s] Level 1:colcon.colcon_core.package_identification:_identify(src) by extension 'colcon_pkg'
[1.321s] Level 1:colcon.colcon_core.package_identification:_identify(src) by extensions ['colcon_meta']
[1.322s] Level 1:colcon.colcon_core.package_identification:_identify(src) by extension 'colcon_meta'
[1.322s] Level 1:colcon.colcon_core.package_identification:_identify(src) by extensions ['ros']
[1.322s] Level 1:colcon.colcon_core.package_identification:_identify(src) by extension 'ros'
[1.322s] Level 1:colcon.colcon_core.package_identification:_identify(src) by extensions ['cmake', 'python']
[1.322s] Level 1:colcon.colcon_core.package_identification:_identify(src) by extension 'cmake'
[1.323s] Level 1:colcon.colcon_core.package_identification:_identify(src) by extension 'python'
[1.323s] Level 1:colcon.colcon_core.package_identification:_identify(src) by extensions ['python_setup_py']
[1.323s] Level 1:colcon.colcon_core.package_identification:_identify(src) by extension 'python_setup_py'
[1.323s] Level 1:colcon.colcon_core.package_identification:_identify(src/uuv_imu_driver_cpp) by extensions ['ignore', 'ignore_ament_install']
[1.324s] Level 1:colcon.colcon_core.package_identification:_identify(src/uuv_imu_driver_cpp) by extension 'ignore'
[1.324s] Level 1:colcon.colcon_core.package_identification:_identify(src/uuv_imu_driver_cpp) by extension 'ignore_ament_install'
[1.324s] Level 1:colcon.colcon_core.package_identification:_identify(src/uuv_imu_driver_cpp) by extensions ['colcon_pkg']
[1.324s] Level 1:colcon.colcon_core.package_identification:_identify(src/uuv_imu_driver_cpp) by extension 'colcon_pkg'
[1.325s] Level 1:colcon.colcon_core.package_identification:_identify(src/uuv_imu_driver_cpp) by extensions ['colcon_meta']
[1.325s] Level 1:colcon.colcon_core.package_identification:_identify(src/uuv_imu_driver_cpp) by extension 'colcon_meta'
[1.325s] Level 1:colcon.colcon_core.package_identification:_identify(src/uuv_imu_driver_cpp) by extensions ['ros']
[1.325s] Level 1:colcon.colcon_core.package_identification:_identify(src/uuv_imu_driver_cpp) by extension 'ros'
[1.333s] DEBUG:colcon.colcon_core.package_identification:Package 'src/uuv_imu_driver_cpp' with type 'ros.ament_cmake' and name 'uuv_imu_driver_cpp'
[1.334s] Level 1:colcon.colcon_core.package_identification:_identify(src/uuv_imu_driver_py) by extensions ['ignore', 'ignore_ament_install']
[1.334s] Level 1:colcon.colcon_core.package_identification:_identify(src/uuv_imu_driver_py) by extension 'ignore'
[1.334s] Level 1:colcon.colcon_core.package_identification:_identify(src/uuv_imu_driver_py) by extension 'ignore_ament_install'
[1.335s] Level 1:colcon.colcon_core.package_identification:_identify(src/uuv_imu_driver_py) by extensions ['colcon_pkg']
[1.335s] Level 1:colcon.colcon_core.package_identification:_identify(src/uuv_imu_driver_py) by extension 'colcon_pkg'
[1.335s] Level 1:colcon.colcon_core.package_identification:_identify(src/uuv_imu_driver_py) by extensions ['colcon_meta']
[1.335s] Level 1:colcon.colcon_core.package_identification:_identify(src/uuv_imu_driver_py) by extension 'colcon_meta'
[1.335s] Level 1:colcon.colcon_core.package_identification:_identify(src/uuv_imu_driver_py) by extensions ['ros']
[1.335s] Level 1:colcon.colcon_core.package_identification:_identify(src/uuv_imu_driver_py) by extension 'ros'
[1.338s] DEBUG:colcon.colcon_core.package_identification:Package 'src/uuv_imu_driver_py' with type 'ros.ament_python' and name 'uuv_imu_driver_py'
[1.338s] Level 1:colcon.colcon_core.package_discovery:discover_packages(recursive) using defaults
[1.338s] Level 1:colcon.colcon_core.package_discovery:discover_packages(ignore) discover
[1.339s] Level 1:colcon.colcon_core.package_discovery:discover_packages(ignore) using defaults
[1.339s] Level 1:colcon.colcon_core.package_discovery:discover_packages(path) discover
[1.339s] Level 1:colcon.colcon_core.package_discovery:discover_packages(path) using defaults
[1.414s] INFO:colcon.colcon_core.package_selection:Skipping not selected package 'uuv_imu_driver_cpp' in 'src/uuv_imu_driver_cpp'
[1.416s] Level 1:colcon.colcon_core.package_discovery:discover_packages(prefix_path) check parameters
[1.416s] Level 1:colcon.colcon_core.package_discovery:discover_packages(prefix_path) discover
[1.429s] DEBUG:colcon.colcon_installed_package_information.package_discovery:Found 2 installed packages in /home/utux/code/sensor_test/install
[1.438s] DEBUG:colcon.colcon_installed_package_information.package_discovery:Found 271 installed packages in /opt/ros/humble
[1.480s] Level 1:colcon.colcon_core.package_discovery:discover_packages(prefix_path) using defaults
[1.654s] Level 5:colcon.colcon_core.verb:set package 'uuv_imu_driver_py' build argument 'cmake_args' from command line to 'None'
[1.654s] Level 5:colcon.colcon_core.verb:set package 'uuv_imu_driver_py' build argument 'cmake_target' from command line to 'None'
[1.655s] Level 5:colcon.colcon_core.verb:set package 'uuv_imu_driver_py' build argument 'cmake_target_skip_unavailable' from command line to 'False'
[1.655s] Level 5:colcon.colcon_core.verb:set package 'uuv_imu_driver_py' build argument 'cmake_clean_cache' from command line to 'False'
[1.655s] Level 5:colcon.colcon_core.verb:set package 'uuv_imu_driver_py' build argument 'cmake_clean_first' from command line to 'False'
[1.655s] Level 5:colcon.colcon_core.verb:set package 'uuv_imu_driver_py' build argument 'cmake_force_configure' from command line to 'False'
[1.655s] Level 5:colcon.colcon_core.verb:set package 'uuv_imu_driver_py' build argument 'ament_cmake_args' from command line to 'None'
[1.655s] Level 5:colcon.colcon_core.verb:set package 'uuv_imu_driver_py' build argument 'catkin_cmake_args' from command line to 'None'
[1.655s] Level 5:colcon.colcon_core.verb:set package 'uuv_imu_driver_py' build argument 'catkin_skip_building_tests' from command line to 'False'
[1.655s] DEBUG:colcon.colcon_core.verb:Building package 'uuv_imu_driver_py' with the following arguments: {'ament_cmake_args': None, 'build_base': '/home/utux/code/sensor_test/build/uuv_imu_driver_py', 'catkin_cmake_args': None, 'catkin_skip_building_tests': False, 'cmake_args': None, 'cmake_clean_cache': False, 'cmake_clean_first': False, 'cmake_force_configure': False, 'cmake_target': None, 'cmake_target_skip_unavailable': False, 'install_base': '/home/utux/code/sensor_test/install/uuv_imu_driver_py', 'merge_install': False, 'path': '/home/utux/code/sensor_test/src/uuv_imu_driver_py', 'symlink_install': False, 'test_result_base': None}
[1.656s] INFO:colcon.colcon_core.executor:Executing jobs using 'parallel' executor
[1.659s] DEBUG:colcon.colcon_parallel_executor.executor.parallel:run_until_complete
[1.660s] INFO:colcon.colcon_ros.task.ament_python.build:Building ROS package in '/home/utux/code/sensor_test/src/uuv_imu_driver_py' with build type 'ament_python'
[1.661s] Level 1:colcon.colcon_core.shell:create_environment_hook('uuv_imu_driver_py', 'ament_prefix_path')
[1.669s] INFO:colcon.colcon_core.plugin_system:Skipping extension 'colcon_core.shell.bat': Not used on non-Windows systems
[1.671s] INFO:colcon.colcon_core.shell:Creating environment hook '/home/utux/code/sensor_test/install/uuv_imu_driver_py/share/uuv_imu_driver_py/hook/ament_prefix_path.ps1'
[1.673s] INFO:colcon.colcon_core.shell:Creating environment descriptor '/home/utux/code/sensor_test/install/uuv_imu_driver_py/share/uuv_imu_driver_py/hook/ament_prefix_path.dsv'
[1.676s] INFO:colcon.colcon_core.shell:Creating environment hook '/home/utux/code/sensor_test/install/uuv_imu_driver_py/share/uuv_imu_driver_py/hook/ament_prefix_path.sh'
[1.680s] INFO:colcon.colcon_core.shell:Skip shell extension 'powershell' for command environment: Not usable outside of PowerShell
[1.680s] DEBUG:colcon.colcon_core.shell:Skip shell extension 'dsv' for command environment
[2.921s] INFO:colcon.colcon_core.task.python.build:Building Python package in '/home/utux/code/sensor_test/src/uuv_imu_driver_py'
[2.922s] INFO:colcon.colcon_core.shell:Skip shell extension 'powershell' for command environment: Not usable outside of PowerShell
[2.922s] DEBUG:colcon.colcon_core.shell:Skip shell extension 'dsv' for command environment
[4.596s] DEBUG:colcon.colcon_core.event_handler.log_command:Invoking command in '/home/utux/code/sensor_test/src/uuv_imu_driver_py': PYTHONPATH=/home/utux/code/sensor_test/build/uuv_imu_driver_py/prefix_override:/usr/lib/python3/dist-packages/colcon_core/task/python/colcon_distutils_commands:/home/utux/code/sensor_test/install/uuv_imu_driver_py/lib/python3.10/site-packages:${PYTHONPATH} /usr/bin/python3 -W ignore:setup.py install is deprecated -W ignore:easy_install command is deprecated setup.py egg_info --egg-base ../../build/uuv_imu_driver_py build --build-base /home/utux/code/sensor_test/build/uuv_imu_driver_py/build install --record /home/utux/code/sensor_test/build/uuv_imu_driver_py/install.log --single-version-externally-managed install_data
[6.580s] DEBUG:colcon.colcon_core.event_handler.log_command:Invoked command in '/home/utux/code/sensor_test/src/uuv_imu_driver_py' returned '0': PYTHONPATH=/home/utux/code/sensor_test/build/uuv_imu_driver_py/prefix_override:/usr/lib/python3/dist-packages/colcon_core/task/python/colcon_distutils_commands:/home/utux/code/sensor_test/install/uuv_imu_driver_py/lib/python3.10/site-packages:${PYTHONPATH} /usr/bin/python3 -W ignore:setup.py install is deprecated -W ignore:easy_install command is deprecated setup.py egg_info --egg-base ../../build/uuv_imu_driver_py build --build-base /home/utux/code/sensor_test/build/uuv_imu_driver_py/build install --record /home/utux/code/sensor_test/build/uuv_imu_driver_py/install.log --single-version-externally-managed install_data
[6.594s] Level 1:colcon.colcon_core.environment:checking '/home/utux/code/sensor_test/install/uuv_imu_driver_py' for CMake module files
[6.598s] Level 1:colcon.colcon_core.environment:checking '/home/utux/code/sensor_test/install/uuv_imu_driver_py' for CMake config files
[6.607s] Level 1:colcon.colcon_core.environment:checking '/home/utux/code/sensor_test/install/uuv_imu_driver_py/lib'
[6.609s] Level 1:colcon.colcon_core.environment:checking '/home/utux/code/sensor_test/install/uuv_imu_driver_py/bin'
[6.610s] Level 1:colcon.colcon_core.environment:checking '/home/utux/code/sensor_test/install/uuv_imu_driver_py/lib/pkgconfig/uuv_imu_driver_py.pc'
[6.612s] Level 1:colcon.colcon_core.environment:checking '/home/utux/code/sensor_test/install/uuv_imu_driver_py/lib/python3.10/site-packages'
[6.613s] Level 1:colcon.colcon_core.shell:create_environment_hook('uuv_imu_driver_py', 'pythonpath')
[6.614s] INFO:colcon.colcon_core.shell:Creating environment hook '/home/utux/code/sensor_test/install/uuv_imu_driver_py/share/uuv_imu_driver_py/hook/pythonpath.ps1'
[6.617s] INFO:colcon.colcon_core.shell:Creating environment descriptor '/home/utux/code/sensor_test/install/uuv_imu_driver_py/share/uuv_imu_driver_py/hook/pythonpath.dsv'
[6.620s] INFO:colcon.colcon_core.shell:Creating environment hook '/home/utux/code/sensor_test/install/uuv_imu_driver_py/share/uuv_imu_driver_py/hook/pythonpath.sh'
[6.625s] Level 1:colcon.colcon_core.environment:checking '/home/utux/code/sensor_test/install/uuv_imu_driver_py/bin'
[6.626s] Level 1:colcon.colcon_core.environment:create_environment_scripts_only(uuv_imu_driver_py)
[6.628s] INFO:colcon.colcon_core.shell:Creating package script '/home/utux/code/sensor_test/install/uuv_imu_driver_py/share/uuv_imu_driver_py/package.ps1'
[6.633s] INFO:colcon.colcon_core.shell:Creating package descriptor '/home/utux/code/sensor_test/install/uuv_imu_driver_py/share/uuv_imu_driver_py/package.dsv'
[6.637s] INFO:colcon.colcon_core.shell:Creating package script '/home/utux/code/sensor_test/install/uuv_imu_driver_py/share/uuv_imu_driver_py/package.sh'
[6.641s] INFO:colcon.colcon_core.shell:Creating package script '/home/utux/code/sensor_test/install/uuv_imu_driver_py/share/uuv_imu_driver_py/package.bash'
[6.646s] INFO:colcon.colcon_core.shell:Creating package script '/home/utux/code/sensor_test/install/uuv_imu_driver_py/share/uuv_imu_driver_py/package.zsh'
[6.653s] Level 1:colcon.colcon_core.environment:create_file_with_runtime_dependencies(/home/utux/code/sensor_test/install/uuv_imu_driver_py/share/colcon-core/packages/uuv_imu_driver_py)
[6.655s] DEBUG:colcon.colcon_parallel_executor.executor.parallel:closing loop
[6.656s] DEBUG:colcon.colcon_parallel_executor.executor.parallel:loop closed
[6.656s] DEBUG:colcon.colcon_parallel_executor.executor.parallel:run_until_complete finished with '0'
[6.663s] DEBUG:colcon.colcon_core.event_reactor:joining thread
[6.692s] INFO:colcon.colcon_core.plugin_system:Skipping extension 'colcon_notification.desktop_notification.notify_send': Could not find 'notify-send'
[6.693s] INFO:colcon.colcon_core.plugin_system:Skipping extension 'colcon_notification.desktop_notification.terminal_notifier': Not used on non-Darwin systems
[6.693s] INFO:colcon.colcon_core.plugin_system:Skipping extension 'colcon_notification.desktop_notification.win32': Not used on non-Windows systems
[6.694s] INFO:colcon.colcon_notification.desktop_notification:Sending desktop notification using 'notify2'
[6.698s] DEBUG:colcon.colcon_notification.desktop_notification.notify2:Failed to initialize notify2: org.freedesktop.DBus.Error.ServiceUnknown: The name org.freedesktop.Notifications was not provided by any .service files
[6.698s] DEBUG:colcon.colcon_core.event_reactor:joined thread
[6.700s] INFO:colcon.colcon_core.shell:Creating prefix script '/home/utux/code/sensor_test/install/local_setup.ps1'
[6.705s] INFO:colcon.colcon_core.shell:Creating prefix util module '/home/utux/code/sensor_test/install/_local_setup_util_ps1.py'
[6.712s] INFO:colcon.colcon_core.shell:Creating prefix chain script '/home/utux/code/sensor_test/install/setup.ps1'
[6.719s] INFO:colcon.colcon_core.shell:Creating prefix script '/home/utux/code/sensor_test/install/local_setup.sh'
[6.722s] INFO:colcon.colcon_core.shell:Creating prefix util module '/home/utux/code/sensor_test/install/_local_setup_util_sh.py'
[6.726s] INFO:colcon.colcon_core.shell:Creating prefix chain script '/home/utux/code/sensor_test/install/setup.sh'
[6.732s] INFO:colcon.colcon_core.shell:Creating prefix script '/home/utux/code/sensor_test/install/local_setup.bash'
[6.736s] INFO:colcon.colcon_core.shell:Creating prefix chain script '/home/utux/code/sensor_test/install/setup.bash'
[6.741s] INFO:colcon.colcon_core.shell:Creating prefix script '/home/utux/code/sensor_test/install/local_setup.zsh'
[6.745s] INFO:colcon.colcon_core.shell:Creating prefix chain script '/home/utux/code/sensor_test/install/setup.zsh'
