[ 50%] [32mBuilding CXX object CMakeFiles/imu_publisher.dir/src/imu_publisher.cpp.o[0m
[100%] [32m[1mLinking CXX executable imu_publisher[0m
[100%] Built target imu_publisher
-- Install configuration: ""
-- Installing: /home/utux/code/sensor_test/install/uuv_imu_driver_cpp/lib/uuv_imu_driver_cpp/imu_publisher
-- Set runtime path of "/home/utux/code/sensor_test/install/uuv_imu_driver_cpp/lib/uuv_imu_driver_cpp/imu_publisher" to ""
-- Installing: /home/utux/code/sensor_test/install/uuv_imu_driver_cpp/share/uuv_imu_driver_cpp/launch
-- Installing: /home/utux/code/sensor_test/install/uuv_imu_driver_cpp/share/uuv_imu_driver_cpp/launch/imu_launch.py
-- Installing: /home/utux/code/sensor_test/install/uuv_imu_driver_cpp/share/ament_index/resource_index/package_run_dependencies/uuv_imu_driver_cpp
-- Installing: /home/utux/code/sensor_test/install/uuv_imu_driver_cpp/share/ament_index/resource_index/parent_prefix_path/uuv_imu_driver_cpp
-- Installing: /home/utux/code/sensor_test/install/uuv_imu_driver_cpp/share/uuv_imu_driver_cpp/environment/ament_prefix_path.sh
-- Installing: /home/utux/code/sensor_test/install/uuv_imu_driver_cpp/share/uuv_imu_driver_cpp/environment/ament_prefix_path.dsv
-- Installing: /home/utux/code/sensor_test/install/uuv_imu_driver_cpp/share/uuv_imu_driver_cpp/environment/path.sh
-- Installing: /home/utux/code/sensor_test/install/uuv_imu_driver_cpp/share/uuv_imu_driver_cpp/environment/path.dsv
-- Installing: /home/utux/code/sensor_test/install/uuv_imu_driver_cpp/share/uuv_imu_driver_cpp/local_setup.bash
-- Installing: /home/utux/code/sensor_test/install/uuv_imu_driver_cpp/share/uuv_imu_driver_cpp/local_setup.sh
-- Installing: /home/utux/code/sensor_test/install/uuv_imu_driver_cpp/share/uuv_imu_driver_cpp/local_setup.zsh
-- Installing: /home/utux/code/sensor_test/install/uuv_imu_driver_cpp/share/uuv_imu_driver_cpp/local_setup.dsv
-- Installing: /home/utux/code/sensor_test/install/uuv_imu_driver_cpp/share/uuv_imu_driver_cpp/package.dsv
-- Installing: /home/utux/code/sensor_test/install/uuv_imu_driver_cpp/share/ament_index/resource_index/packages/uuv_imu_driver_cpp
-- Installing: /home/utux/code/sensor_test/install/uuv_imu_driver_cpp/share/uuv_imu_driver_cpp/cmake/uuv_imu_driver_cppConfig.cmake
-- Installing: /home/utux/code/sensor_test/install/uuv_imu_driver_cpp/share/uuv_imu_driver_cpp/cmake/uuv_imu_driver_cppConfig-version.cmake
-- Installing: /home/utux/code/sensor_test/install/uuv_imu_driver_cpp/share/uuv_imu_driver_cpp/package.xml
