[0.078s] Invoking command in '/home/utux/code/sensor_test/build/uuv_imu_driver_cpp': CMAKE_PREFIX_PATH=/home/utux/code/sensor_test/install/uuv_imu_driver_py:/home/utux/code/sensor_test/install/uuv_imu_driver:/opt/ros/humble /usr/bin/cmake --build /home/utux/code/sensor_test/build/uuv_imu_driver_cpp -- -j4 -l4
[0.382s] [ 50%] [32mBuilding CXX object CMakeFiles/imu_publisher.dir/src/imu_publisher.cpp.o[0m
[24.517s] [100%] [32m[1mLinking CXX executable imu_publisher[0m
[25.817s] [100%] Built target imu_publisher
[25.856s] Invoked command in '/home/utux/code/sensor_test/build/uuv_imu_driver_cpp' returned '0': CMAKE_PREFIX_PATH=/home/utux/code/sensor_test/install/uuv_imu_driver_py:/home/utux/code/sensor_test/install/uuv_imu_driver:/opt/ros/humble /usr/bin/cmake --build /home/utux/code/sensor_test/build/uuv_imu_driver_cpp -- -j4 -l4
[25.896s] Invoking command in '/home/utux/code/sensor_test/build/uuv_imu_driver_cpp': CMAKE_PREFIX_PATH=/home/utux/code/sensor_test/install/uuv_imu_driver_py:/home/utux/code/sensor_test/install/uuv_imu_driver:/opt/ros/humble /usr/bin/cmake --install /home/utux/code/sensor_test/build/uuv_imu_driver_cpp
[25.937s] -- Install configuration: ""
[25.943s] -- Installing: /home/utux/code/sensor_test/install/uuv_imu_driver_cpp/lib/uuv_imu_driver_cpp/imu_publisher
[25.954s] -- Set runtime path of "/home/utux/code/sensor_test/install/uuv_imu_driver_cpp/lib/uuv_imu_driver_cpp/imu_publisher" to ""
[25.955s] -- Installing: /home/utux/code/sensor_test/install/uuv_imu_driver_cpp/share/uuv_imu_driver_cpp/launch
[25.955s] -- Installing: /home/utux/code/sensor_test/install/uuv_imu_driver_cpp/share/uuv_imu_driver_cpp/launch/imu_launch.py
[25.964s] -- Installing: /home/utux/code/sensor_test/install/uuv_imu_driver_cpp/share/ament_index/resource_index/package_run_dependencies/uuv_imu_driver_cpp
[25.966s] -- Installing: /home/utux/code/sensor_test/install/uuv_imu_driver_cpp/share/ament_index/resource_index/parent_prefix_path/uuv_imu_driver_cpp
[25.969s] -- Installing: /home/utux/code/sensor_test/install/uuv_imu_driver_cpp/share/uuv_imu_driver_cpp/environment/ament_prefix_path.sh
[25.971s] -- Installing: /home/utux/code/sensor_test/install/uuv_imu_driver_cpp/share/uuv_imu_driver_cpp/environment/ament_prefix_path.dsv
[25.973s] -- Installing: /home/utux/code/sensor_test/install/uuv_imu_driver_cpp/share/uuv_imu_driver_cpp/environment/path.sh
[25.975s] -- Installing: /home/utux/code/sensor_test/install/uuv_imu_driver_cpp/share/uuv_imu_driver_cpp/environment/path.dsv
[25.977s] -- Installing: /home/utux/code/sensor_test/install/uuv_imu_driver_cpp/share/uuv_imu_driver_cpp/local_setup.bash
[25.980s] -- Installing: /home/utux/code/sensor_test/install/uuv_imu_driver_cpp/share/uuv_imu_driver_cpp/local_setup.sh
[25.982s] -- Installing: /home/utux/code/sensor_test/install/uuv_imu_driver_cpp/share/uuv_imu_driver_cpp/local_setup.zsh
[25.984s] -- Installing: /home/utux/code/sensor_test/install/uuv_imu_driver_cpp/share/uuv_imu_driver_cpp/local_setup.dsv
[25.986s] -- Installing: /home/utux/code/sensor_test/install/uuv_imu_driver_cpp/share/uuv_imu_driver_cpp/package.dsv
[25.988s] -- Installing: /home/utux/code/sensor_test/install/uuv_imu_driver_cpp/share/ament_index/resource_index/packages/uuv_imu_driver_cpp
[25.990s] -- Installing: /home/utux/code/sensor_test/install/uuv_imu_driver_cpp/share/uuv_imu_driver_cpp/cmake/uuv_imu_driver_cppConfig.cmake
[25.991s] -- Installing: /home/utux/code/sensor_test/install/uuv_imu_driver_cpp/share/uuv_imu_driver_cpp/cmake/uuv_imu_driver_cppConfig-version.cmake
[25.993s] -- Installing: /home/utux/code/sensor_test/install/uuv_imu_driver_cpp/share/uuv_imu_driver_cpp/package.xml
[26.001s] Invoked command in '/home/utux/code/sensor_test/build/uuv_imu_driver_cpp' returned '0': CMAKE_PREFIX_PATH=/home/utux/code/sensor_test/install/uuv_imu_driver_py:/home/utux/code/sensor_test/install/uuv_imu_driver:/opt/ros/humble /usr/bin/cmake --install /home/utux/code/sensor_test/build/uuv_imu_driver_cpp
