[9.098s] Invoking command in '/home/utux/code/sensor_test/src/uuv_imu_driver_py': PYTHONPATH=/home/utux/code/sensor_test/build/uuv_imu_driver_py/prefix_override:/usr/lib/python3/dist-packages/colcon_core/task/python/colcon_distutils_commands:/home/utux/code/sensor_test/install/uuv_imu_driver_py/lib/python3.10/site-packages:${PYTHONPATH} /usr/bin/python3 -W ignore:setup.py install is deprecated -W ignore:easy_install command is deprecated setup.py egg_info --egg-base ../../build/uuv_imu_driver_py build --build-base /home/utux/code/sensor_test/build/uuv_imu_driver_py/build install --record /home/utux/code/sensor_test/build/uuv_imu_driver_py/install.log --single-version-externally-managed install_data
[11.700s] running egg_info
[11.705s] writing ../../build/uuv_imu_driver_py/uuv_imu_driver_py.egg-info/PKG-INFO
[11.707s] writing dependency_links to ../../build/uuv_imu_driver_py/uuv_imu_driver_py.egg-info/dependency_links.txt
[11.710s] writing entry points to ../../build/uuv_imu_driver_py/uuv_imu_driver_py.egg-info/entry_points.txt
[11.712s] writing requirements to ../../build/uuv_imu_driver_py/uuv_imu_driver_py.egg-info/requires.txt
[11.713s] writing top-level names to ../../build/uuv_imu_driver_py/uuv_imu_driver_py.egg-info/top_level.txt
[11.722s] reading manifest file '../../build/uuv_imu_driver_py/uuv_imu_driver_py.egg-info/SOURCES.txt'
[11.729s] adding license file 'LICENSE'
[11.732s] writing manifest file '../../build/uuv_imu_driver_py/uuv_imu_driver_py.egg-info/SOURCES.txt'
[11.736s] running build
[11.738s] running build_py
[11.741s] running install
[11.742s] running install_lib
[11.752s] running install_data
[11.754s] running install_egg_info
[11.762s] removing '/home/utux/code/sensor_test/install/uuv_imu_driver_py/lib/python3.10/site-packages/uuv_imu_driver_py-1.0.0-py3.10.egg-info' (and everything under it)
[11.767s] Copying ../../build/uuv_imu_driver_py/uuv_imu_driver_py.egg-info to /home/utux/code/sensor_test/install/uuv_imu_driver_py/lib/python3.10/site-packages/uuv_imu_driver_py-1.0.0-py3.10.egg-info
[11.781s] running install_scripts
[11.924s] Installing imu_publisher script to /home/utux/code/sensor_test/install/uuv_imu_driver_py/lib/uuv_imu_driver_py
[11.930s] writing list of installed files to '/home/utux/code/sensor_test/build/uuv_imu_driver_py/install.log'
[12.169s] Invoked command in '/home/utux/code/sensor_test/src/uuv_imu_driver_py' returned '0': PYTHONPATH=/home/utux/code/sensor_test/build/uuv_imu_driver_py/prefix_override:/usr/lib/python3/dist-packages/colcon_core/task/python/colcon_distutils_commands:/home/utux/code/sensor_test/install/uuv_imu_driver_py/lib/python3.10/site-packages:${PYTHONPATH} /usr/bin/python3 -W ignore:setup.py install is deprecated -W ignore:easy_install command is deprecated setup.py egg_info --egg-base ../../build/uuv_imu_driver_py build --build-base /home/utux/code/sensor_test/build/uuv_imu_driver_py/build install --record /home/utux/code/sensor_test/build/uuv_imu_driver_py/install.log --single-version-externally-managed install_data
