running egg_info
creating ../../build/uuv_imu_driver_py/uuv_imu_driver_py.egg-info
writing ../../build/uuv_imu_driver_py/uuv_imu_driver_py.egg-info/PKG-INFO
writing dependency_links to ../../build/uuv_imu_driver_py/uuv_imu_driver_py.egg-info/dependency_links.txt
writing entry points to ../../build/uuv_imu_driver_py/uuv_imu_driver_py.egg-info/entry_points.txt
writing requirements to ../../build/uuv_imu_driver_py/uuv_imu_driver_py.egg-info/requires.txt
writing top-level names to ../../build/uuv_imu_driver_py/uuv_imu_driver_py.egg-info/top_level.txt
writing manifest file '../../build/uuv_imu_driver_py/uuv_imu_driver_py.egg-info/SOURCES.txt'
reading manifest file '../../build/uuv_imu_driver_py/uuv_imu_driver_py.egg-info/SOURCES.txt'
adding license file 'LICENSE'
writing manifest file '../../build/uuv_imu_driver_py/uuv_imu_driver_py.egg-info/SOURCES.txt'
running build
running build_py
creating /home/utux/code/sensor_test/build/uuv_imu_driver_py/build
creating /home/utux/code/sensor_test/build/uuv_imu_driver_py/build/lib
creating /home/utux/code/sensor_test/build/uuv_imu_driver_py/build/lib/uuv_imu_driver_py
copying uuv_imu_driver_py/__init__.py -> /home/utux/code/sensor_test/build/uuv_imu_driver_py/build/lib/uuv_imu_driver_py
copying uuv_imu_driver_py/imu_driver.py -> /home/utux/code/sensor_test/build/uuv_imu_driver_py/build/lib/uuv_imu_driver_py
running install
running install_lib
creating /home/utux/code/sensor_test/install/uuv_imu_driver_py/lib/python3.10/site-packages/uuv_imu_driver_py
copying /home/utux/code/sensor_test/build/uuv_imu_driver_py/build/lib/uuv_imu_driver_py/__init__.py -> /home/utux/code/sensor_test/install/uuv_imu_driver_py/lib/python3.10/site-packages/uuv_imu_driver_py
copying /home/utux/code/sensor_test/build/uuv_imu_driver_py/build/lib/uuv_imu_driver_py/imu_driver.py -> /home/utux/code/sensor_test/install/uuv_imu_driver_py/lib/python3.10/site-packages/uuv_imu_driver_py
byte-compiling /home/utux/code/sensor_test/install/uuv_imu_driver_py/lib/python3.10/site-packages/uuv_imu_driver_py/__init__.py to __init__.cpython-310.pyc
byte-compiling /home/utux/code/sensor_test/install/uuv_imu_driver_py/lib/python3.10/site-packages/uuv_imu_driver_py/imu_driver.py to imu_driver.cpython-310.pyc
running install_data
creating /home/utux/code/sensor_test/install/uuv_imu_driver_py/share/ament_index
creating /home/utux/code/sensor_test/install/uuv_imu_driver_py/share/ament_index/resource_index
creating /home/utux/code/sensor_test/install/uuv_imu_driver_py/share/ament_index/resource_index/packages
copying resource/uuv_imu_driver_py -> /home/utux/code/sensor_test/install/uuv_imu_driver_py/share/ament_index/resource_index/packages
copying package.xml -> /home/utux/code/sensor_test/install/uuv_imu_driver_py/share/uuv_imu_driver_py
creating /home/utux/code/sensor_test/install/uuv_imu_driver_py/share/uuv_imu_driver_py/launch
copying launch/imu_launch.py -> /home/utux/code/sensor_test/install/uuv_imu_driver_py/share/uuv_imu_driver_py/launch
running install_egg_info
Copying ../../build/uuv_imu_driver_py/uuv_imu_driver_py.egg-info to /home/utux/code/sensor_test/install/uuv_imu_driver_py/lib/python3.10/site-packages/uuv_imu_driver_py-1.0.0-py3.10.egg-info
running install_scripts
Installing imu_publisher script to /home/utux/code/sensor_test/install/uuv_imu_driver_py/lib/uuv_imu_driver_py
writing list of installed files to '/home/utux/code/sensor_test/build/uuv_imu_driver_py/install.log'
