[3.183s] Invoking command in '/home/utux/code/sensor_test/src/uuv_imu_driver_py': PYTHONPATH=/home/utux/code/sensor_test/build/uuv_imu_driver_py/prefix_override:/usr/lib/python3/dist-packages/colcon_core/task/python/colcon_distutils_commands:/home/utux/code/sensor_test/install/uuv_imu_driver_py/lib/python3.10/site-packages:${PYTHONPATH} /usr/bin/python3 -W ignore:setup.py install is deprecated -W ignore:easy_install command is deprecated setup.py egg_info --egg-base ../../build/uuv_imu_driver_py build --build-base /home/utux/code/sensor_test/build/uuv_imu_driver_py/build install --record /home/utux/code/sensor_test/build/uuv_imu_driver_py/install.log --single-version-externally-managed install_data
[4.296s] running egg_info
[4.298s] creating ../../build/uuv_imu_driver_py/uuv_imu_driver_py.egg-info
[4.299s] writing ../../build/uuv_imu_driver_py/uuv_imu_driver_py.egg-info/PKG-INFO
[4.300s] writing dependency_links to ../../build/uuv_imu_driver_py/uuv_imu_driver_py.egg-info/dependency_links.txt
[4.301s] writing entry points to ../../build/uuv_imu_driver_py/uuv_imu_driver_py.egg-info/entry_points.txt
[4.301s] writing requirements to ../../build/uuv_imu_driver_py/uuv_imu_driver_py.egg-info/requires.txt
[4.302s] writing top-level names to ../../build/uuv_imu_driver_py/uuv_imu_driver_py.egg-info/top_level.txt
[4.303s] writing manifest file '../../build/uuv_imu_driver_py/uuv_imu_driver_py.egg-info/SOURCES.txt'
[4.320s] reading manifest file '../../build/uuv_imu_driver_py/uuv_imu_driver_py.egg-info/SOURCES.txt'
[4.322s] adding license file 'LICENSE'
[4.327s] writing manifest file '../../build/uuv_imu_driver_py/uuv_imu_driver_py.egg-info/SOURCES.txt'
[4.329s] running build
[4.329s] running build_py
[4.330s] creating /home/utux/code/sensor_test/build/uuv_imu_driver_py/build
[4.331s] creating /home/utux/code/sensor_test/build/uuv_imu_driver_py/build/lib
[4.332s] creating /home/utux/code/sensor_test/build/uuv_imu_driver_py/build/lib/uuv_imu_driver_py
[4.332s] copying uuv_imu_driver_py/__init__.py -> /home/utux/code/sensor_test/build/uuv_imu_driver_py/build/lib/uuv_imu_driver_py
[4.333s] copying uuv_imu_driver_py/imu_driver.py -> /home/utux/code/sensor_test/build/uuv_imu_driver_py/build/lib/uuv_imu_driver_py
[4.333s] running install
[4.334s] running install_lib
[4.338s] creating /home/utux/code/sensor_test/install/uuv_imu_driver_py/lib/python3.10/site-packages/uuv_imu_driver_py
[4.339s] copying /home/utux/code/sensor_test/build/uuv_imu_driver_py/build/lib/uuv_imu_driver_py/__init__.py -> /home/utux/code/sensor_test/install/uuv_imu_driver_py/lib/python3.10/site-packages/uuv_imu_driver_py
[4.339s] copying /home/utux/code/sensor_test/build/uuv_imu_driver_py/build/lib/uuv_imu_driver_py/imu_driver.py -> /home/utux/code/sensor_test/install/uuv_imu_driver_py/lib/python3.10/site-packages/uuv_imu_driver_py
[4.342s] byte-compiling /home/utux/code/sensor_test/install/uuv_imu_driver_py/lib/python3.10/site-packages/uuv_imu_driver_py/__init__.py to __init__.cpython-310.pyc
[4.343s] byte-compiling /home/utux/code/sensor_test/install/uuv_imu_driver_py/lib/python3.10/site-packages/uuv_imu_driver_py/imu_driver.py to imu_driver.cpython-310.pyc
[4.346s] running install_data
[4.347s] creating /home/utux/code/sensor_test/install/uuv_imu_driver_py/share/ament_index
[4.347s] creating /home/utux/code/sensor_test/install/uuv_imu_driver_py/share/ament_index/resource_index
[4.348s] creating /home/utux/code/sensor_test/install/uuv_imu_driver_py/share/ament_index/resource_index/packages
[4.348s] copying resource/uuv_imu_driver_py -> /home/utux/code/sensor_test/install/uuv_imu_driver_py/share/ament_index/resource_index/packages
[4.349s] copying package.xml -> /home/utux/code/sensor_test/install/uuv_imu_driver_py/share/uuv_imu_driver_py
[4.349s] creating /home/utux/code/sensor_test/install/uuv_imu_driver_py/share/uuv_imu_driver_py/launch
[4.350s] copying launch/imu_launch.py -> /home/utux/code/sensor_test/install/uuv_imu_driver_py/share/uuv_imu_driver_py/launch
[4.351s] running install_egg_info
[4.357s] Copying ../../build/uuv_imu_driver_py/uuv_imu_driver_py.egg-info to /home/utux/code/sensor_test/install/uuv_imu_driver_py/lib/python3.10/site-packages/uuv_imu_driver_py-1.0.0-py3.10.egg-info
[4.362s] running install_scripts
[4.444s] Installing imu_publisher script to /home/utux/code/sensor_test/install/uuv_imu_driver_py/lib/uuv_imu_driver_py
[4.445s] writing list of installed files to '/home/utux/code/sensor_test/build/uuv_imu_driver_py/install.log'
[4.567s] Invoked command in '/home/utux/code/sensor_test/src/uuv_imu_driver_py' returned '0': PYTHONPATH=/home/utux/code/sensor_test/build/uuv_imu_driver_py/prefix_override:/usr/lib/python3/dist-packages/colcon_core/task/python/colcon_distutils_commands:/home/utux/code/sensor_test/install/uuv_imu_driver_py/lib/python3.10/site-packages:${PYTHONPATH} /usr/bin/python3 -W ignore:setup.py install is deprecated -W ignore:easy_install command is deprecated setup.py egg_info --egg-base ../../build/uuv_imu_driver_py build --build-base /home/utux/code/sensor_test/build/uuv_imu_driver_py/build install --record /home/utux/code/sensor_test/build/uuv_imu_driver_py/install.log --single-version-externally-managed install_data
