[0.467s] DEBUG:colcon:Command line arguments: ['/usr/bin/colcon', 'build']
[0.468s] DEBUG:colcon:Parsed command line arguments: Namespace(log_base=None, log_level=None, verb_name='build', build_base='build', install_base='install', merge_install=False, symlink_install=False, test_result_base=None, continue_on_error=False, executor='parallel', parallel_workers=4, event_handlers=None, ignore_user_meta=False, metas=['./colcon.meta'], base_paths=['.'], packages_ignore=None, packages_ignore_regex=None, paths=None, packages_up_to=None, packages_up_to_regex=None, packages_above=None, packages_above_and_dependencies=None, packages_above_depth=None, packages_select_by_dep=None, packages_skip_by_dep=None, packages_skip_up_to=None, packages_select_build_failed=False, packages_skip_build_finished=False, packages_select_test_failures=False, packages_skip_test_passed=False, packages_select=None, packages_skip=None, packages_select_regex=None, packages_skip_regex=None, packages_start=None, packages_end=None, allow_overriding=[], cmake_args=None, cmake_target=None, cmake_target_skip_unavailable=False, cmake_clean_cache=False, cmake_clean_first=False, cmake_force_configure=False, ament_cmake_args=None, catkin_cmake_args=None, catkin_skip_building_tests=False, verb_parser=<colcon_defaults.argument_parser.defaults.DefaultArgumentsDecorator object at 0xffffbcea3cd0>, verb_extension=<colcon_core.verb.build.BuildVerb object at 0xffffbd081060>, main=<bound method BuildVerb.main of <colcon_core.verb.build.BuildVerb object at 0xffffbd081060>>)
[1.306s] Level 1:colcon.colcon_core.package_discovery:discover_packages(colcon_meta) check parameters
[1.306s] Level 1:colcon.colcon_core.package_discovery:discover_packages(recursive) check parameters
[1.307s] Level 1:colcon.colcon_core.package_discovery:discover_packages(ignore) check parameters
[1.307s] Level 1:colcon.colcon_core.package_discovery:discover_packages(path) check parameters
[1.307s] Level 1:colcon.colcon_core.package_discovery:discover_packages(colcon_meta) discover
[1.307s] Level 1:colcon.colcon_core.package_discovery:discover_packages(recursive) discover
[1.307s] INFO:colcon.colcon_core.package_discovery:Crawling recursively for packages in '/home/utux/code/sensor_test'
[1.308s] Level 1:colcon.colcon_core.package_identification:_identify(.) by extensions ['ignore', 'ignore_ament_install']
[1.308s] Level 1:colcon.colcon_core.package_identification:_identify(.) by extension 'ignore'
[1.308s] Level 1:colcon.colcon_core.package_identification:_identify(.) by extension 'ignore_ament_install'
[1.309s] Level 1:colcon.colcon_core.package_identification:_identify(.) by extensions ['colcon_pkg']
[1.309s] Level 1:colcon.colcon_core.package_identification:_identify(.) by extension 'colcon_pkg'
[1.309s] Level 1:colcon.colcon_core.package_identification:_identify(.) by extensions ['colcon_meta']
[1.309s] Level 1:colcon.colcon_core.package_identification:_identify(.) by extension 'colcon_meta'
[1.309s] Level 1:colcon.colcon_core.package_identification:_identify(.) by extensions ['ros']
[1.310s] Level 1:colcon.colcon_core.package_identification:_identify(.) by extension 'ros'
[1.357s] Level 1:colcon.colcon_core.package_identification:_identify(.) by extensions ['cmake', 'python']
[1.357s] Level 1:colcon.colcon_core.package_identification:_identify(.) by extension 'cmake'
[1.358s] Level 1:colcon.colcon_core.package_identification:_identify(.) by extension 'python'
[1.358s] Level 1:colcon.colcon_core.package_identification:_identify(.) by extensions ['python_setup_py']
[1.358s] Level 1:colcon.colcon_core.package_identification:_identify(.) by extension 'python_setup_py'
[1.358s] Level 1:colcon.colcon_core.package_identification:_identify(build) by extensions ['ignore', 'ignore_ament_install']
[1.359s] Level 1:colcon.colcon_core.package_identification:_identify(build) by extension 'ignore'
[1.359s] Level 1:colcon.colcon_core.package_identification:_identify(build) ignored
[1.360s] Level 1:colcon.colcon_core.package_identification:_identify(install) by extensions ['ignore', 'ignore_ament_install']
[1.360s] Level 1:colcon.colcon_core.package_identification:_identify(install) by extension 'ignore'
[1.360s] Level 1:colcon.colcon_core.package_identification:_identify(install) ignored
[1.361s] Level 1:colcon.colcon_core.package_identification:_identify(launch) by extensions ['ignore', 'ignore_ament_install']
[1.361s] Level 1:colcon.colcon_core.package_identification:_identify(launch) by extension 'ignore'
[1.361s] Level 1:colcon.colcon_core.package_identification:_identify(launch) by extension 'ignore_ament_install'
[1.362s] Level 1:colcon.colcon_core.package_identification:_identify(launch) by extensions ['colcon_pkg']
[1.362s] Level 1:colcon.colcon_core.package_identification:_identify(launch) by extension 'colcon_pkg'
[1.362s] Level 1:colcon.colcon_core.package_identification:_identify(launch) by extensions ['colcon_meta']
[1.362s] Level 1:colcon.colcon_core.package_identification:_identify(launch) by extension 'colcon_meta'
[1.362s] Level 1:colcon.colcon_core.package_identification:_identify(launch) by extensions ['ros']
[1.362s] Level 1:colcon.colcon_core.package_identification:_identify(launch) by extension 'ros'
[1.363s] Level 1:colcon.colcon_core.package_identification:_identify(launch) by extensions ['cmake', 'python']
[1.363s] Level 1:colcon.colcon_core.package_identification:_identify(launch) by extension 'cmake'
[1.363s] Level 1:colcon.colcon_core.package_identification:_identify(launch) by extension 'python'
[1.363s] Level 1:colcon.colcon_core.package_identification:_identify(launch) by extensions ['python_setup_py']
[1.363s] Level 1:colcon.colcon_core.package_identification:_identify(launch) by extension 'python_setup_py'
[1.364s] Level 1:colcon.colcon_core.package_identification:_identify(launch/__pycache__) by extensions ['ignore', 'ignore_ament_install']
[1.364s] Level 1:colcon.colcon_core.package_identification:_identify(launch/__pycache__) by extension 'ignore'
[1.364s] Level 1:colcon.colcon_core.package_identification:_identify(launch/__pycache__) by extension 'ignore_ament_install'
[1.365s] Level 1:colcon.colcon_core.package_identification:_identify(launch/__pycache__) by extensions ['colcon_pkg']
[1.365s] Level 1:colcon.colcon_core.package_identification:_identify(launch/__pycache__) by extension 'colcon_pkg'
[1.365s] Level 1:colcon.colcon_core.package_identification:_identify(launch/__pycache__) by extensions ['colcon_meta']
[1.365s] Level 1:colcon.colcon_core.package_identification:_identify(launch/__pycache__) by extension 'colcon_meta'
[1.365s] Level 1:colcon.colcon_core.package_identification:_identify(launch/__pycache__) by extensions ['ros']
[1.366s] Level 1:colcon.colcon_core.package_identification:_identify(launch/__pycache__) by extension 'ros'
[1.366s] Level 1:colcon.colcon_core.package_identification:_identify(launch/__pycache__) by extensions ['cmake', 'python']
[1.366s] Level 1:colcon.colcon_core.package_identification:_identify(launch/__pycache__) by extension 'cmake'
[1.366s] Level 1:colcon.colcon_core.package_identification:_identify(launch/__pycache__) by extension 'python'
[1.366s] Level 1:colcon.colcon_core.package_identification:_identify(launch/__pycache__) by extensions ['python_setup_py']
[1.367s] Level 1:colcon.colcon_core.package_identification:_identify(launch/__pycache__) by extension 'python_setup_py'
[1.367s] Level 1:colcon.colcon_core.package_identification:_identify(log) by extensions ['ignore', 'ignore_ament_install']
[1.367s] Level 1:colcon.colcon_core.package_identification:_identify(log) by extension 'ignore'
[1.368s] Level 1:colcon.colcon_core.package_identification:_identify(log) ignored
[1.368s] Level 1:colcon.colcon_core.package_identification:_identify(src) by extensions ['ignore', 'ignore_ament_install']
[1.368s] Level 1:colcon.colcon_core.package_identification:_identify(src) by extension 'ignore'
[1.369s] Level 1:colcon.colcon_core.package_identification:_identify(src) by extension 'ignore_ament_install'
[1.369s] Level 1:colcon.colcon_core.package_identification:_identify(src) by extensions ['colcon_pkg']
[1.369s] Level 1:colcon.colcon_core.package_identification:_identify(src) by extension 'colcon_pkg'
[1.369s] Level 1:colcon.colcon_core.package_identification:_identify(src) by extensions ['colcon_meta']
[1.369s] Level 1:colcon.colcon_core.package_identification:_identify(src) by extension 'colcon_meta'
[1.370s] Level 1:colcon.colcon_core.package_identification:_identify(src) by extensions ['ros']
[1.370s] Level 1:colcon.colcon_core.package_identification:_identify(src) by extension 'ros'
[1.370s] Level 1:colcon.colcon_core.package_identification:_identify(src) by extensions ['cmake', 'python']
[1.370s] Level 1:colcon.colcon_core.package_identification:_identify(src) by extension 'cmake'
[1.370s] Level 1:colcon.colcon_core.package_identification:_identify(src) by extension 'python'
[1.371s] Level 1:colcon.colcon_core.package_identification:_identify(src) by extensions ['python_setup_py']
[1.371s] Level 1:colcon.colcon_core.package_identification:_identify(src) by extension 'python_setup_py'
[1.371s] Level 1:colcon.colcon_core.package_identification:_identify(src/uuv_imu_driver_cpp) by extensions ['ignore', 'ignore_ament_install']
[1.372s] Level 1:colcon.colcon_core.package_identification:_identify(src/uuv_imu_driver_cpp) by extension 'ignore'
[1.372s] Level 1:colcon.colcon_core.package_identification:_identify(src/uuv_imu_driver_cpp) by extension 'ignore_ament_install'
[1.372s] Level 1:colcon.colcon_core.package_identification:_identify(src/uuv_imu_driver_cpp) by extensions ['colcon_pkg']
[1.372s] Level 1:colcon.colcon_core.package_identification:_identify(src/uuv_imu_driver_cpp) by extension 'colcon_pkg'
[1.372s] Level 1:colcon.colcon_core.package_identification:_identify(src/uuv_imu_driver_cpp) by extensions ['colcon_meta']
[1.372s] Level 1:colcon.colcon_core.package_identification:_identify(src/uuv_imu_driver_cpp) by extension 'colcon_meta'
[1.373s] Level 1:colcon.colcon_core.package_identification:_identify(src/uuv_imu_driver_cpp) by extensions ['ros']
[1.373s] Level 1:colcon.colcon_core.package_identification:_identify(src/uuv_imu_driver_cpp) by extension 'ros'
[1.381s] DEBUG:colcon.colcon_core.package_identification:Package 'src/uuv_imu_driver_cpp' with type 'ros.ament_cmake' and name 'uuv_imu_driver_cpp'
[1.382s] Level 1:colcon.colcon_core.package_identification:_identify(src/uuv_imu_driver_py) by extensions ['ignore', 'ignore_ament_install']
[1.382s] Level 1:colcon.colcon_core.package_identification:_identify(src/uuv_imu_driver_py) by extension 'ignore'
[1.382s] Level 1:colcon.colcon_core.package_identification:_identify(src/uuv_imu_driver_py) by extension 'ignore_ament_install'
[1.383s] Level 1:colcon.colcon_core.package_identification:_identify(src/uuv_imu_driver_py) by extensions ['colcon_pkg']
[1.383s] Level 1:colcon.colcon_core.package_identification:_identify(src/uuv_imu_driver_py) by extension 'colcon_pkg'
[1.384s] Level 1:colcon.colcon_core.package_identification:_identify(src/uuv_imu_driver_py) by extensions ['colcon_meta']
[1.384s] Level 1:colcon.colcon_core.package_identification:_identify(src/uuv_imu_driver_py) by extension 'colcon_meta'
[1.384s] Level 1:colcon.colcon_core.package_identification:_identify(src/uuv_imu_driver_py) by extensions ['ros']
[1.385s] Level 1:colcon.colcon_core.package_identification:_identify(src/uuv_imu_driver_py) by extension 'ros'
[1.387s] DEBUG:colcon.colcon_core.package_identification:Package 'src/uuv_imu_driver_py' with type 'ros.ament_python' and name 'uuv_imu_driver_py'
[1.387s] Level 1:colcon.colcon_core.package_discovery:discover_packages(recursive) using defaults
[1.388s] Level 1:colcon.colcon_core.package_discovery:discover_packages(ignore) discover
[1.388s] Level 1:colcon.colcon_core.package_discovery:discover_packages(ignore) using defaults
[1.388s] Level 1:colcon.colcon_core.package_discovery:discover_packages(path) discover
[1.388s] Level 1:colcon.colcon_core.package_discovery:discover_packages(path) using defaults
[1.464s] Level 1:colcon.colcon_core.package_discovery:discover_packages(prefix_path) check parameters
[1.464s] Level 1:colcon.colcon_core.package_discovery:discover_packages(prefix_path) discover
[1.477s] DEBUG:colcon.colcon_installed_package_information.package_discovery:Found 2 installed packages in /home/utux/code/sensor_test/install
[1.486s] DEBUG:colcon.colcon_installed_package_information.package_discovery:Found 271 installed packages in /opt/ros/humble
[1.528s] Level 1:colcon.colcon_core.package_discovery:discover_packages(prefix_path) using defaults
[1.711s] Level 5:colcon.colcon_core.verb:set package 'uuv_imu_driver_cpp' build argument 'cmake_args' from command line to 'None'
[1.711s] Level 5:colcon.colcon_core.verb:set package 'uuv_imu_driver_cpp' build argument 'cmake_target' from command line to 'None'
[1.711s] Level 5:colcon.colcon_core.verb:set package 'uuv_imu_driver_cpp' build argument 'cmake_target_skip_unavailable' from command line to 'False'
[1.712s] Level 5:colcon.colcon_core.verb:set package 'uuv_imu_driver_cpp' build argument 'cmake_clean_cache' from command line to 'False'
[1.712s] Level 5:colcon.colcon_core.verb:set package 'uuv_imu_driver_cpp' build argument 'cmake_clean_first' from command line to 'False'
[1.712s] Level 5:colcon.colcon_core.verb:set package 'uuv_imu_driver_cpp' build argument 'cmake_force_configure' from command line to 'False'
[1.712s] Level 5:colcon.colcon_core.verb:set package 'uuv_imu_driver_cpp' build argument 'ament_cmake_args' from command line to 'None'
[1.712s] Level 5:colcon.colcon_core.verb:set package 'uuv_imu_driver_cpp' build argument 'catkin_cmake_args' from command line to 'None'
[1.712s] Level 5:colcon.colcon_core.verb:set package 'uuv_imu_driver_cpp' build argument 'catkin_skip_building_tests' from command line to 'False'
[1.712s] DEBUG:colcon.colcon_core.verb:Building package 'uuv_imu_driver_cpp' with the following arguments: {'ament_cmake_args': None, 'build_base': '/home/utux/code/sensor_test/build/uuv_imu_driver_cpp', 'catkin_cmake_args': None, 'catkin_skip_building_tests': False, 'cmake_args': None, 'cmake_clean_cache': False, 'cmake_clean_first': False, 'cmake_force_configure': False, 'cmake_target': None, 'cmake_target_skip_unavailable': False, 'install_base': '/home/utux/code/sensor_test/install/uuv_imu_driver_cpp', 'merge_install': False, 'path': '/home/utux/code/sensor_test/src/uuv_imu_driver_cpp', 'symlink_install': False, 'test_result_base': None}
[1.714s] Level 5:colcon.colcon_core.verb:set package 'uuv_imu_driver_py' build argument 'cmake_args' from command line to 'None'
[1.714s] Level 5:colcon.colcon_core.verb:set package 'uuv_imu_driver_py' build argument 'cmake_target' from command line to 'None'
[1.714s] Level 5:colcon.colcon_core.verb:set package 'uuv_imu_driver_py' build argument 'cmake_target_skip_unavailable' from command line to 'False'
[1.715s] Level 5:colcon.colcon_core.verb:set package 'uuv_imu_driver_py' build argument 'cmake_clean_cache' from command line to 'False'
[1.715s] Level 5:colcon.colcon_core.verb:set package 'uuv_imu_driver_py' build argument 'cmake_clean_first' from command line to 'False'
[1.715s] Level 5:colcon.colcon_core.verb:set package 'uuv_imu_driver_py' build argument 'cmake_force_configure' from command line to 'False'
[1.715s] Level 5:colcon.colcon_core.verb:set package 'uuv_imu_driver_py' build argument 'ament_cmake_args' from command line to 'None'
[1.715s] Level 5:colcon.colcon_core.verb:set package 'uuv_imu_driver_py' build argument 'catkin_cmake_args' from command line to 'None'
[1.715s] Level 5:colcon.colcon_core.verb:set package 'uuv_imu_driver_py' build argument 'catkin_skip_building_tests' from command line to 'False'
[1.715s] DEBUG:colcon.colcon_core.verb:Building package 'uuv_imu_driver_py' with the following arguments: {'ament_cmake_args': None, 'build_base': '/home/utux/code/sensor_test/build/uuv_imu_driver_py', 'catkin_cmake_args': None, 'catkin_skip_building_tests': False, 'cmake_args': None, 'cmake_clean_cache': False, 'cmake_clean_first': False, 'cmake_force_configure': False, 'cmake_target': None, 'cmake_target_skip_unavailable': False, 'install_base': '/home/utux/code/sensor_test/install/uuv_imu_driver_py', 'merge_install': False, 'path': '/home/utux/code/sensor_test/src/uuv_imu_driver_py', 'symlink_install': False, 'test_result_base': None}
[1.716s] INFO:colcon.colcon_core.executor:Executing jobs using 'parallel' executor
[1.719s] DEBUG:colcon.colcon_parallel_executor.executor.parallel:run_until_complete
[1.720s] INFO:colcon.colcon_ros.task.ament_cmake.build:Building ROS package in '/home/utux/code/sensor_test/src/uuv_imu_driver_cpp' with build type 'ament_cmake'
[1.721s] INFO:colcon.colcon_cmake.task.cmake.build:Building CMake package in '/home/utux/code/sensor_test/src/uuv_imu_driver_cpp'
[1.730s] INFO:colcon.colcon_core.plugin_system:Skipping extension 'colcon_core.shell.bat': Not used on non-Windows systems
[1.731s] INFO:colcon.colcon_core.shell:Skip shell extension 'powershell' for command environment: Not usable outside of PowerShell
[1.731s] DEBUG:colcon.colcon_core.shell:Skip shell extension 'dsv' for command environment
[1.750s] INFO:colcon.colcon_ros.task.ament_python.build:Building ROS package in '/home/utux/code/sensor_test/src/uuv_imu_driver_py' with build type 'ament_python'
[1.751s] Level 1:colcon.colcon_core.shell:create_environment_hook('uuv_imu_driver_py', 'ament_prefix_path')
[1.753s] INFO:colcon.colcon_core.shell:Creating environment hook '/home/utux/code/sensor_test/install/uuv_imu_driver_py/share/uuv_imu_driver_py/hook/ament_prefix_path.ps1'
[1.756s] INFO:colcon.colcon_core.shell:Creating environment descriptor '/home/utux/code/sensor_test/install/uuv_imu_driver_py/share/uuv_imu_driver_py/hook/ament_prefix_path.dsv'
[1.759s] INFO:colcon.colcon_core.shell:Creating environment hook '/home/utux/code/sensor_test/install/uuv_imu_driver_py/share/uuv_imu_driver_py/hook/ament_prefix_path.sh'
[1.763s] INFO:colcon.colcon_core.shell:Skip shell extension 'powershell' for command environment: Not usable outside of PowerShell
[1.763s] DEBUG:colcon.colcon_core.shell:Skip shell extension 'dsv' for command environment
[1.803s] DEBUG:colcon.colcon_core.event_handler.log_command:Invoking command in '/home/utux/code/sensor_test/build/uuv_imu_driver_cpp': CMAKE_PREFIX_PATH=${CMAKE_PREFIX_PATH}:/home/utux/code/sensor_test/install/uuv_imu_driver_py:/opt/ros/humble /usr/bin/cmake --build /home/utux/code/sensor_test/build/uuv_imu_driver_cpp -- -j4 -l4
[3.116s] INFO:colcon.colcon_core.task.python.build:Building Python package in '/home/utux/code/sensor_test/src/uuv_imu_driver_py'
[3.117s] INFO:colcon.colcon_core.shell:Skip shell extension 'powershell' for command environment: Not usable outside of PowerShell
[3.118s] DEBUG:colcon.colcon_core.shell:Skip shell extension 'dsv' for command environment
[3.142s] DEBUG:colcon.colcon_core.event_handler.log_command:Invoked command in '/home/utux/code/sensor_test/build/uuv_imu_driver_cpp' returned '0': CMAKE_PREFIX_PATH=${CMAKE_PREFIX_PATH}:/home/utux/code/sensor_test/install/uuv_imu_driver_py:/opt/ros/humble /usr/bin/cmake --build /home/utux/code/sensor_test/build/uuv_imu_driver_cpp -- -j4 -l4
[3.181s] DEBUG:colcon.colcon_core.event_handler.log_command:Invoking command in '/home/utux/code/sensor_test/build/uuv_imu_driver_cpp': CMAKE_PREFIX_PATH=${CMAKE_PREFIX_PATH}:/home/utux/code/sensor_test/install/uuv_imu_driver_py:/opt/ros/humble /usr/bin/cmake --install /home/utux/code/sensor_test/build/uuv_imu_driver_cpp
[3.227s] Level 1:colcon.colcon_core.environment:create_environment_scripts_only(uuv_imu_driver_cpp)
[3.229s] DEBUG:colcon.colcon_core.event_handler.log_command:Invoked command in '/home/utux/code/sensor_test/build/uuv_imu_driver_cpp' returned '0': CMAKE_PREFIX_PATH=${CMAKE_PREFIX_PATH}:/home/utux/code/sensor_test/install/uuv_imu_driver_py:/opt/ros/humble /usr/bin/cmake --install /home/utux/code/sensor_test/build/uuv_imu_driver_cpp
[3.241s] Level 1:colcon.colcon_core.environment:checking '/home/utux/code/sensor_test/install/uuv_imu_driver_cpp' for CMake module files
[3.244s] Level 1:colcon.colcon_core.environment:checking '/home/utux/code/sensor_test/install/uuv_imu_driver_cpp' for CMake config files
[3.246s] Level 1:colcon.colcon_core.shell:create_environment_hook('uuv_imu_driver_cpp', 'cmake_prefix_path')
[3.247s] INFO:colcon.colcon_core.shell:Creating environment hook '/home/utux/code/sensor_test/install/uuv_imu_driver_cpp/share/uuv_imu_driver_cpp/hook/cmake_prefix_path.ps1'
[3.249s] INFO:colcon.colcon_core.shell:Creating environment descriptor '/home/utux/code/sensor_test/install/uuv_imu_driver_cpp/share/uuv_imu_driver_cpp/hook/cmake_prefix_path.dsv'
[3.253s] INFO:colcon.colcon_core.shell:Creating environment hook '/home/utux/code/sensor_test/install/uuv_imu_driver_cpp/share/uuv_imu_driver_cpp/hook/cmake_prefix_path.sh'
[3.256s] Level 1:colcon.colcon_core.environment:checking '/home/utux/code/sensor_test/install/uuv_imu_driver_cpp/lib'
[3.258s] Level 1:colcon.colcon_core.environment:checking '/home/utux/code/sensor_test/install/uuv_imu_driver_cpp/bin'
[3.258s] Level 1:colcon.colcon_core.environment:checking '/home/utux/code/sensor_test/install/uuv_imu_driver_cpp/lib/pkgconfig/uuv_imu_driver_cpp.pc'
[3.259s] Level 1:colcon.colcon_core.environment:checking '/home/utux/code/sensor_test/install/uuv_imu_driver_cpp/lib/python3.10/site-packages'
[3.261s] Level 1:colcon.colcon_core.environment:checking '/home/utux/code/sensor_test/install/uuv_imu_driver_cpp/bin'
[3.262s] INFO:colcon.colcon_core.shell:Creating package script '/home/utux/code/sensor_test/install/uuv_imu_driver_cpp/share/uuv_imu_driver_cpp/package.ps1'
[3.266s] INFO:colcon.colcon_core.shell:Creating package descriptor '/home/utux/code/sensor_test/install/uuv_imu_driver_cpp/share/uuv_imu_driver_cpp/package.dsv'
[3.270s] INFO:colcon.colcon_core.shell:Creating package script '/home/utux/code/sensor_test/install/uuv_imu_driver_cpp/share/uuv_imu_driver_cpp/package.sh'
[3.274s] INFO:colcon.colcon_core.shell:Creating package script '/home/utux/code/sensor_test/install/uuv_imu_driver_cpp/share/uuv_imu_driver_cpp/package.bash'
[3.278s] INFO:colcon.colcon_core.shell:Creating package script '/home/utux/code/sensor_test/install/uuv_imu_driver_cpp/share/uuv_imu_driver_cpp/package.zsh'
[3.281s] Level 1:colcon.colcon_core.environment:create_file_with_runtime_dependencies(/home/utux/code/sensor_test/install/uuv_imu_driver_cpp/share/colcon-core/packages/uuv_imu_driver_cpp)
[3.284s] Level 1:colcon.colcon_core.environment:create_environment_scripts_only(uuv_imu_driver_cpp)
[3.285s] Level 1:colcon.colcon_core.environment:checking '/home/utux/code/sensor_test/install/uuv_imu_driver_cpp' for CMake module files
[3.288s] Level 1:colcon.colcon_core.environment:checking '/home/utux/code/sensor_test/install/uuv_imu_driver_cpp' for CMake config files
[3.289s] Level 1:colcon.colcon_core.shell:create_environment_hook('uuv_imu_driver_cpp', 'cmake_prefix_path')
[3.290s] INFO:colcon.colcon_core.shell:Creating environment hook '/home/utux/code/sensor_test/install/uuv_imu_driver_cpp/share/uuv_imu_driver_cpp/hook/cmake_prefix_path.ps1'
[3.292s] INFO:colcon.colcon_core.shell:Creating environment descriptor '/home/utux/code/sensor_test/install/uuv_imu_driver_cpp/share/uuv_imu_driver_cpp/hook/cmake_prefix_path.dsv'
[3.294s] INFO:colcon.colcon_core.shell:Creating environment hook '/home/utux/code/sensor_test/install/uuv_imu_driver_cpp/share/uuv_imu_driver_cpp/hook/cmake_prefix_path.sh'
[3.297s] Level 1:colcon.colcon_core.environment:checking '/home/utux/code/sensor_test/install/uuv_imu_driver_cpp/lib'
[3.298s] Level 1:colcon.colcon_core.environment:checking '/home/utux/code/sensor_test/install/uuv_imu_driver_cpp/bin'
[3.298s] Level 1:colcon.colcon_core.environment:checking '/home/utux/code/sensor_test/install/uuv_imu_driver_cpp/lib/pkgconfig/uuv_imu_driver_cpp.pc'
[3.299s] Level 1:colcon.colcon_core.environment:checking '/home/utux/code/sensor_test/install/uuv_imu_driver_cpp/lib/python3.10/site-packages'
[3.301s] Level 1:colcon.colcon_core.environment:checking '/home/utux/code/sensor_test/install/uuv_imu_driver_cpp/bin'
[3.303s] INFO:colcon.colcon_core.shell:Creating package script '/home/utux/code/sensor_test/install/uuv_imu_driver_cpp/share/uuv_imu_driver_cpp/package.ps1'
[3.306s] INFO:colcon.colcon_core.shell:Creating package descriptor '/home/utux/code/sensor_test/install/uuv_imu_driver_cpp/share/uuv_imu_driver_cpp/package.dsv'
[3.308s] INFO:colcon.colcon_core.shell:Creating package script '/home/utux/code/sensor_test/install/uuv_imu_driver_cpp/share/uuv_imu_driver_cpp/package.sh'
[3.311s] INFO:colcon.colcon_core.shell:Creating package script '/home/utux/code/sensor_test/install/uuv_imu_driver_cpp/share/uuv_imu_driver_cpp/package.bash'
[3.314s] INFO:colcon.colcon_core.shell:Creating package script '/home/utux/code/sensor_test/install/uuv_imu_driver_cpp/share/uuv_imu_driver_cpp/package.zsh'
[3.316s] Level 1:colcon.colcon_core.environment:create_file_with_runtime_dependencies(/home/utux/code/sensor_test/install/uuv_imu_driver_cpp/share/colcon-core/packages/uuv_imu_driver_cpp)
[4.937s] DEBUG:colcon.colcon_core.event_handler.log_command:Invoking command in '/home/utux/code/sensor_test/src/uuv_imu_driver_py': PYTHONPATH=/home/utux/code/sensor_test/build/uuv_imu_driver_py/prefix_override:/usr/lib/python3/dist-packages/colcon_core/task/python/colcon_distutils_commands:/home/utux/code/sensor_test/install/uuv_imu_driver_py/lib/python3.10/site-packages:${PYTHONPATH} /usr/bin/python3 -W ignore:setup.py install is deprecated -W ignore:easy_install command is deprecated setup.py egg_info --egg-base ../../build/uuv_imu_driver_py build --build-base /home/utux/code/sensor_test/build/uuv_imu_driver_py/build install --record /home/utux/code/sensor_test/build/uuv_imu_driver_py/install.log --single-version-externally-managed install_data
[6.332s] Level 1:colcon.colcon_core.environment:checking '/home/utux/code/sensor_test/install/uuv_imu_driver_py' for CMake module files
[6.334s] DEBUG:colcon.colcon_core.event_handler.log_command:Invoked command in '/home/utux/code/sensor_test/src/uuv_imu_driver_py' returned '0': PYTHONPATH=/home/utux/code/sensor_test/build/uuv_imu_driver_py/prefix_override:/usr/lib/python3/dist-packages/colcon_core/task/python/colcon_distutils_commands:/home/utux/code/sensor_test/install/uuv_imu_driver_py/lib/python3.10/site-packages:${PYTHONPATH} /usr/bin/python3 -W ignore:setup.py install is deprecated -W ignore:easy_install command is deprecated setup.py egg_info --egg-base ../../build/uuv_imu_driver_py build --build-base /home/utux/code/sensor_test/build/uuv_imu_driver_py/build install --record /home/utux/code/sensor_test/build/uuv_imu_driver_py/install.log --single-version-externally-managed install_data
[6.336s] Level 1:colcon.colcon_core.environment:checking '/home/utux/code/sensor_test/install/uuv_imu_driver_py' for CMake config files
[6.340s] Level 1:colcon.colcon_core.environment:checking '/home/utux/code/sensor_test/install/uuv_imu_driver_py/lib'
[6.340s] Level 1:colcon.colcon_core.environment:checking '/home/utux/code/sensor_test/install/uuv_imu_driver_py/bin'
[6.341s] Level 1:colcon.colcon_core.environment:checking '/home/utux/code/sensor_test/install/uuv_imu_driver_py/lib/pkgconfig/uuv_imu_driver_py.pc'
[6.341s] Level 1:colcon.colcon_core.environment:checking '/home/utux/code/sensor_test/install/uuv_imu_driver_py/lib/python3.10/site-packages'
[6.342s] Level 1:colcon.colcon_core.shell:create_environment_hook('uuv_imu_driver_py', 'pythonpath')
[6.343s] INFO:colcon.colcon_core.shell:Creating environment hook '/home/utux/code/sensor_test/install/uuv_imu_driver_py/share/uuv_imu_driver_py/hook/pythonpath.ps1'
[6.345s] INFO:colcon.colcon_core.shell:Creating environment descriptor '/home/utux/code/sensor_test/install/uuv_imu_driver_py/share/uuv_imu_driver_py/hook/pythonpath.dsv'
[6.347s] INFO:colcon.colcon_core.shell:Creating environment hook '/home/utux/code/sensor_test/install/uuv_imu_driver_py/share/uuv_imu_driver_py/hook/pythonpath.sh'
[6.350s] Level 1:colcon.colcon_core.environment:checking '/home/utux/code/sensor_test/install/uuv_imu_driver_py/bin'
[6.351s] Level 1:colcon.colcon_core.environment:create_environment_scripts_only(uuv_imu_driver_py)
[6.352s] INFO:colcon.colcon_core.shell:Creating package script '/home/utux/code/sensor_test/install/uuv_imu_driver_py/share/uuv_imu_driver_py/package.ps1'
[6.355s] INFO:colcon.colcon_core.shell:Creating package descriptor '/home/utux/code/sensor_test/install/uuv_imu_driver_py/share/uuv_imu_driver_py/package.dsv'
[6.357s] INFO:colcon.colcon_core.shell:Creating package script '/home/utux/code/sensor_test/install/uuv_imu_driver_py/share/uuv_imu_driver_py/package.sh'
[6.360s] INFO:colcon.colcon_core.shell:Creating package script '/home/utux/code/sensor_test/install/uuv_imu_driver_py/share/uuv_imu_driver_py/package.bash'
[6.362s] INFO:colcon.colcon_core.shell:Creating package script '/home/utux/code/sensor_test/install/uuv_imu_driver_py/share/uuv_imu_driver_py/package.zsh'
[6.364s] Level 1:colcon.colcon_core.environment:create_file_with_runtime_dependencies(/home/utux/code/sensor_test/install/uuv_imu_driver_py/share/colcon-core/packages/uuv_imu_driver_py)
[6.365s] DEBUG:colcon.colcon_parallel_executor.executor.parallel:closing loop
[6.366s] DEBUG:colcon.colcon_parallel_executor.executor.parallel:loop closed
[6.367s] DEBUG:colcon.colcon_parallel_executor.executor.parallel:run_until_complete finished with '0'
[6.367s] DEBUG:colcon.colcon_core.event_reactor:joining thread
[6.392s] INFO:colcon.colcon_core.plugin_system:Skipping extension 'colcon_notification.desktop_notification.notify_send': Could not find 'notify-send'
[6.393s] INFO:colcon.colcon_core.plugin_system:Skipping extension 'colcon_notification.desktop_notification.terminal_notifier': Not used on non-Darwin systems
[6.393s] INFO:colcon.colcon_core.plugin_system:Skipping extension 'colcon_notification.desktop_notification.win32': Not used on non-Windows systems
[6.393s] INFO:colcon.colcon_notification.desktop_notification:Sending desktop notification using 'notify2'
[6.396s] DEBUG:colcon.colcon_notification.desktop_notification.notify2:Failed to initialize notify2: org.freedesktop.DBus.Error.ServiceUnknown: The name org.freedesktop.Notifications was not provided by any .service files
[6.396s] DEBUG:colcon.colcon_core.event_reactor:joined thread
[6.398s] INFO:colcon.colcon_core.shell:Creating prefix script '/home/utux/code/sensor_test/install/local_setup.ps1'
[6.402s] INFO:colcon.colcon_core.shell:Creating prefix util module '/home/utux/code/sensor_test/install/_local_setup_util_ps1.py'
[6.408s] INFO:colcon.colcon_core.shell:Creating prefix chain script '/home/utux/code/sensor_test/install/setup.ps1'
[6.413s] INFO:colcon.colcon_core.shell:Creating prefix script '/home/utux/code/sensor_test/install/local_setup.sh'
[6.417s] INFO:colcon.colcon_core.shell:Creating prefix util module '/home/utux/code/sensor_test/install/_local_setup_util_sh.py'
[6.419s] INFO:colcon.colcon_core.shell:Creating prefix chain script '/home/utux/code/sensor_test/install/setup.sh'
[6.424s] INFO:colcon.colcon_core.shell:Creating prefix script '/home/utux/code/sensor_test/install/local_setup.bash'
[6.427s] INFO:colcon.colcon_core.shell:Creating prefix chain script '/home/utux/code/sensor_test/install/setup.bash'
[6.432s] INFO:colcon.colcon_core.shell:Creating prefix script '/home/utux/code/sensor_test/install/local_setup.zsh'
[6.434s] INFO:colcon.colcon_core.shell:Creating prefix chain script '/home/utux/code/sensor_test/install/setup.zsh'
