[3.552s] Invoking command in '/home/utux/code/sensor_test/src/uuv_imu_driver_py': PYTHONPATH=/home/utux/code/sensor_test/build/uuv_imu_driver_py/prefix_override:/usr/lib/python3/dist-packages/colcon_core/task/python/colcon_distutils_commands:/home/utux/code/sensor_test/install/uuv_imu_driver_py/lib/python3.10/site-packages:${PYTHONPATH} /usr/bin/python3 -W ignore:setup.py install is deprecated -W ignore:easy_install command is deprecated setup.py egg_info --egg-base ../../build/uuv_imu_driver_py build --build-base /home/utux/code/sensor_test/build/uuv_imu_driver_py/build install --record /home/utux/code/sensor_test/build/uuv_imu_driver_py/install.log --single-version-externally-managed install_data
[4.850s] running egg_info
[4.852s] writing ../../build/uuv_imu_driver_py/uuv_imu_driver_py.egg-info/PKG-INFO
[4.853s] writing dependency_links to ../../build/uuv_imu_driver_py/uuv_imu_driver_py.egg-info/dependency_links.txt
[4.854s] writing entry points to ../../build/uuv_imu_driver_py/uuv_imu_driver_py.egg-info/entry_points.txt
[4.855s] writing requirements to ../../build/uuv_imu_driver_py/uuv_imu_driver_py.egg-info/requires.txt
[4.855s] writing top-level names to ../../build/uuv_imu_driver_py/uuv_imu_driver_py.egg-info/top_level.txt
[4.863s] reading manifest file '../../build/uuv_imu_driver_py/uuv_imu_driver_py.egg-info/SOURCES.txt'
[4.864s] adding license file 'LICENSE'
[4.867s] writing manifest file '../../build/uuv_imu_driver_py/uuv_imu_driver_py.egg-info/SOURCES.txt'
[4.868s] running build
[4.868s] running build_py
[4.869s] running install
[4.871s] running install_lib
[4.876s] running install_data
[4.877s] running install_egg_info
[4.884s] removing '/home/utux/code/sensor_test/install/uuv_imu_driver_py/lib/python3.10/site-packages/uuv_imu_driver_py-1.0.0-py3.10.egg-info' (and everything under it)
[4.886s] Copying ../../build/uuv_imu_driver_py/uuv_imu_driver_py.egg-info to /home/utux/code/sensor_test/install/uuv_imu_driver_py/lib/python3.10/site-packages/uuv_imu_driver_py-1.0.0-py3.10.egg-info
[4.892s] running install_scripts
[4.972s] Installing imu_publisher script to /home/utux/code/sensor_test/install/uuv_imu_driver_py/lib/uuv_imu_driver_py
[4.973s] writing list of installed files to '/home/utux/code/sensor_test/build/uuv_imu_driver_py/install.log'
[5.094s] Invoked command in '/home/utux/code/sensor_test/src/uuv_imu_driver_py' returned '0': PYTHONPATH=/home/utux/code/sensor_test/build/uuv_imu_driver_py/prefix_override:/usr/lib/python3/dist-packages/colcon_core/task/python/colcon_distutils_commands:/home/utux/code/sensor_test/install/uuv_imu_driver_py/lib/python3.10/site-packages:${PYTHONPATH} /usr/bin/python3 -W ignore:setup.py install is deprecated -W ignore:easy_install command is deprecated setup.py egg_info --egg-base ../../build/uuv_imu_driver_py build --build-base /home/utux/code/sensor_test/build/uuv_imu_driver_py/build install --record /home/utux/code/sensor_test/build/uuv_imu_driver_py/install.log --single-version-externally-managed install_data
